Archive member included to satisfy reference by file (symbol)

c:/nxp/mcuxpressoide_11.0.0_2516/ide/plugins/com.nxp.mcuxpresso.tools.win32_11.0.0.201905131304/tools/bin/../lib/gcc/arm-none-eabi/8.2.1/../../../../arm-none-eabi/lib/thumb/v6-m/nofp\libcr_semihost_nf.a(_cr__main.o)
                              ./startup/startup_mkl25z4.o (__main)
c:/nxp/mcuxpressoide_11.0.0_2516/ide/plugins/com.nxp.mcuxpresso.tools.win32_11.0.0.201905131304/tools/bin/../lib/gcc/arm-none-eabi/8.2.1/../../../../arm-none-eabi/lib/thumb/v6-m/nofp\libcr_semihost_nf.a(_cr_assert.o)
                              ./drivers/fsl_clock.o (__assertion_failed)
c:/nxp/mcuxpressoide_11.0.0_2516/ide/plugins/com.nxp.mcuxpresso.tools.win32_11.0.0.201905131304/tools/bin/../lib/gcc/arm-none-eabi/8.2.1/../../../../arm-none-eabi/lib/thumb/v6-m/nofp\libcr_semihost_nf.a(__ciob.o)
                              c:/nxp/mcuxpressoide_11.0.0_2516/ide/plugins/com.nxp.mcuxpresso.tools.win32_11.0.0.201905131304/tools/bin/../lib/gcc/arm-none-eabi/8.2.1/../../../../arm-none-eabi/lib/thumb/v6-m/nofp\libcr_semihost_nf.a(_cr_assert.o) (__Ciob)
c:/nxp/mcuxpressoide_11.0.0_2516/ide/plugins/com.nxp.mcuxpresso.tools.win32_11.0.0.201905131304/tools/bin/../lib/gcc/arm-none-eabi/8.2.1/../../../../arm-none-eabi/lib/thumb/v6-m/nofp\libcr_semihost_nf.a(__sys_appexit.o)
                              c:/nxp/mcuxpressoide_11.0.0_2516/ide/plugins/com.nxp.mcuxpresso.tools.win32_11.0.0.201905131304/tools/bin/../lib/gcc/arm-none-eabi/8.2.1/../../../../arm-none-eabi/lib/thumb/v6-m/nofp\libcr_semihost_nf.a(_cr_assert.o) (__sys_appexit)
c:/nxp/mcuxpressoide_11.0.0_2516/ide/plugins/com.nxp.mcuxpresso.tools.win32_11.0.0.201905131304/tools/bin/../lib/gcc/arm-none-eabi/8.2.1/../../../../arm-none-eabi/lib/thumb/v6-m/nofp\libcr_c.a(memcpy.o)
                              ./freertos/queue.o (memcpy)
c:/nxp/mcuxpressoide_11.0.0_2516/ide/plugins/com.nxp.mcuxpresso.tools.win32_11.0.0.201905131304/tools/bin/../lib/gcc/arm-none-eabi/8.2.1/../../../../arm-none-eabi/lib/thumb/v6-m/nofp\libcr_c.a(memset.o)
                              ./freertos/tasks.o (memset)
c:/nxp/mcuxpressoide_11.0.0_2516/ide/plugins/com.nxp.mcuxpresso.tools.win32_11.0.0.201905131304/tools/bin/../lib/gcc/arm-none-eabi/8.2.1/../../../../arm-none-eabi/lib/thumb/v6-m/nofp\libcr_c.a(_deferredlazyseek.o)
                              c:/nxp/mcuxpressoide_11.0.0_2516/ide/plugins/com.nxp.mcuxpresso.tools.win32_11.0.0.201905131304/tools/bin/../lib/gcc/arm-none-eabi/8.2.1/../../../../arm-none-eabi/lib/thumb/v6-m/nofp\libcr_semihost_nf.a(_cr_assert.o) (__flsbuf)
c:/nxp/mcuxpressoide_11.0.0_2516/ide/plugins/com.nxp.mcuxpresso.tools.win32_11.0.0.201905131304/tools/bin/../lib/gcc/arm-none-eabi/8.2.1/../../../../arm-none-eabi/lib/thumb/v6-m/nofp\libcr_c.a(_fflush.o)
                              c:/nxp/mcuxpressoide_11.0.0_2516/ide/plugins/com.nxp.mcuxpresso.tools.win32_11.0.0.201905131304/tools/bin/../lib/gcc/arm-none-eabi/8.2.1/../../../../arm-none-eabi/lib/thumb/v6-m/nofp\libcr_c.a(_deferredlazyseek.o) (_fflush)
c:/nxp/mcuxpressoide_11.0.0_2516/ide/plugins/com.nxp.mcuxpresso.tools.win32_11.0.0.201905131304/tools/bin/../lib/gcc/arm-none-eabi/8.2.1/../../../../arm-none-eabi/lib/thumb/v6-m/nofp\libcr_c.a(_writebuf.o)
                              c:/nxp/mcuxpressoide_11.0.0_2516/ide/plugins/com.nxp.mcuxpresso.tools.win32_11.0.0.201905131304/tools/bin/../lib/gcc/arm-none-eabi/8.2.1/../../../../arm-none-eabi/lib/thumb/v6-m/nofp\libcr_c.a(_deferredlazyseek.o) (_Cwritebuf)
c:/nxp/mcuxpressoide_11.0.0_2516/ide/plugins/com.nxp.mcuxpresso.tools.win32_11.0.0.201905131304/tools/bin/../lib/gcc/arm-none-eabi/8.2.1/../../../../arm-none-eabi/lib/thumb/v6-m/nofp\libcr_c.a(alloc.o)
                              c:/nxp/mcuxpressoide_11.0.0_2516/ide/plugins/com.nxp.mcuxpresso.tools.win32_11.0.0.201905131304/tools/bin/../lib/gcc/arm-none-eabi/8.2.1/../../../../arm-none-eabi/lib/thumb/v6-m/nofp\libcr_c.a(_deferredlazyseek.o) (_Csys_alloc)
c:/nxp/mcuxpressoide_11.0.0_2516/ide/plugins/com.nxp.mcuxpresso.tools.win32_11.0.0.201905131304/tools/bin/../lib/gcc/arm-none-eabi/8.2.1/../../../../arm-none-eabi/lib/thumb/v6-m/nofp\libcr_c.a(fputs.o)
                              c:/nxp/mcuxpressoide_11.0.0_2516/ide/plugins/com.nxp.mcuxpresso.tools.win32_11.0.0.201905131304/tools/bin/../lib/gcc/arm-none-eabi/8.2.1/../../../../arm-none-eabi/lib/thumb/v6-m/nofp\libcr_semihost_nf.a(_cr_assert.o) (fputs)
c:/nxp/mcuxpressoide_11.0.0_2516/ide/plugins/com.nxp.mcuxpresso.tools.win32_11.0.0.201905131304/tools/bin/../lib/gcc/arm-none-eabi/8.2.1/../../../../arm-none-eabi/lib/thumb/v6-m/nofp\libcr_c.a(fseek.o)
                              c:/nxp/mcuxpressoide_11.0.0_2516/ide/plugins/com.nxp.mcuxpresso.tools.win32_11.0.0.201905131304/tools/bin/../lib/gcc/arm-none-eabi/8.2.1/../../../../arm-none-eabi/lib/thumb/v6-m/nofp\libcr_c.a(_deferredlazyseek.o) (fseek)
[...]
Memory Configuration

Name             Origin             Length             Attributes
PROGRAM_FLASH    0x00000000         0x00020000         xr
SRAM             0x1ffff000         0x00004000         xrw
*default*        0x00000000         0xffffffff

Linker script and memory map

LOAD ./utilities/fsl_debug_console.o
LOAD ./startup/startup_mkl25z4.o
LOAD ./source/freertos_swtimer.o
LOAD ./source/mtb.o
LOAD ./source/semihost_hardfault.o
LOAD ./freertos/croutine.o
LOAD ./freertos/event_groups.o
LOAD ./freertos/fsl_tickless_lptmr.o
LOAD ./freertos/fsl_tickless_systick.o
LOAD ./freertos/heap_4.o
LOAD ./freertos/list.o
LOAD ./freertos/port.o
LOAD ./freertos/queue.o
LOAD ./freertos/tasks.o
LOAD ./freertos/timers.o
LOAD ./drivers/fsl_clock.o
LOAD ./drivers/fsl_common.o
LOAD ./drivers/fsl_dac.o
LOAD ./drivers/fsl_flash.o
LOAD ./drivers/fsl_gpio.o
LOAD ./drivers/fsl_lpsci.o
LOAD ./drivers/fsl_lpsci_freertos.o
LOAD ./drivers/fsl_smc.o
LOAD ./drivers/fsl_uart.o
LOAD ./drivers/fsl_uart_freertos.o
LOAD ./board/board.o
LOAD ./board/clock_config.o
LOAD ./board/pin_mux.o
LOAD ./CMSIS/system_MKL25Z4.o
START GROUP
LOAD c:/nxp/mcuxpressoide_11.0.0_2516/ide/plugins/com.nxp.mcuxpresso.tools.win32_11.0.0.201905131304/tools/bin/../lib/gcc/arm-none-eabi/8.2.1/../../../../arm-none-eabi/lib/thumb/v6-m/nofp\libcr_semihost_nf.a
LOAD c:/nxp/mcuxpressoide_11.0.0_2516/ide/plugins/com.nxp.mcuxpresso.tools.win32_11.0.0.201905131304/tools/bin/../lib/gcc/arm-none-eabi/8.2.1/../../../../arm-none-eabi/lib/thumb/v6-m/nofp\libcr_c.a
LOAD c:/nxp/mcuxpressoide_11.0.0_2516/ide/plugins/com.nxp.mcuxpresso.tools.win32_11.0.0.201905131304/tools/bin/../lib/gcc/arm-none-eabi/8.2.1/thumb/v6-m/nofp\libcr_eabihelpers.a
LOAD c:/nxp/mcuxpressoide_11.0.0_2516/ide/plugins/com.nxp.mcuxpresso.tools.win32_11.0.0.201905131304/tools/bin/../lib/gcc/arm-none-eabi/8.2.1/thumb/v6-m/nofp\libgcc.a
END GROUP
                0x00000000                __base_PROGRAM_FLASH = 0x0
                0x00000000                __base_Flash = 0x0
                0x00020000                __top_PROGRAM_FLASH = 0x20000
                0x00020000                __top_Flash = 0x20000
                0x1ffff000                __base_SRAM = 0x1ffff000
                0x1ffff000                __base_RAM = 0x1ffff000
                0x20003000                __top_SRAM = 0x20003000
                0x20003000                __top_RAM = 0x20003000

.text           0x00000000     0x6454
 FILL mask 0xff
                0x00000000                __vectors_start__ = ABSOLUTE (.)
 *(SORT_BY_ALIGNMENT(.isr_vector))
 .isr_vector    0x00000000       0xc0 ./startup/startup_mkl25z4.o
                0x00000000                g_pfnVectors
                0x00000000                __Vectors
                0x000000c0                . = ALIGN (0x4)
                0x000000c0                __section_table_start = .
                0x000000c0                __data_section_table = .
                0x000000c0        0x4 LONG 0x6454 LOADADDR (.data)
                0x000000c4        0x4 LONG 0x1ffff080 ADDR (.data)
                0x000000c8        0x4 LONG 0xd4 SIZEOF (.data)
                0x000000cc                __data_section_table_end = .
                0x000000cc                __bss_section_table = .
                0x000000cc        0x4 LONG 0x1ffff154 ADDR (.bss)
                0x000000d0        0x4 LONG 0x2a88 SIZEOF (.bss)
                0x000000d4                __bss_section_table_end = .
                0x000000d4                __section_table_end = .
 *(SORT_BY_ALIGNMENT(.after_vectors*))
 .after_vectors.reset
                0x000000d4       0x4c ./startup/startup_mkl25z4.o
                0x000000d4                ResetISR
 .after_vectors.init_data
                0x00000120       0x12 ./startup/startup_mkl25z4.o
                0x00000120                data_init
 .after_vectors.init_bss
                0x00000132       0x10 ./startup/startup_mkl25z4.o
                0x00000132                bss_init
 .after_vectors
                0x00000142      0x10c ./startup/startup_mkl25z4.o
                0x00000142                NMI_Handler
                0x0000014c                I2C0_DriverIRQHandler
                0x0000014c                DMA0_DriverIRQHandler
                0x0000014c                SPI1_DriverIRQHandler
                0x0000014c                LPTMR0_DriverIRQHandler
                0x0000014c                Reserved39_DriverIRQHandler
                0x0000014c                PIT_DriverIRQHandler
                0x0000014c                PORTD_DriverIRQHandler
                0x0000014c                DMA2_DriverIRQHandler
                0x0000014c                CMP0_DriverIRQHandler
                0x0000014c                TPM2_DriverIRQHandler
                0x0000014c                ADC0_DriverIRQHandler
                0x0000014c                SPI0_DriverIRQHandler
                0x0000014c                TSI0_DriverIRQHandler
                0x0000014c                RTC_Seconds_DriverIRQHandler
                0x0000014c                I2C1_DriverIRQHandler
                0x0000014c                DMA1_DriverIRQHandler
                0x0000014c                LLWU_DriverIRQHandler
                0x0000014c                MCG_DriverIRQHandler
                0x0000014c                RTC_DriverIRQHandler
                0x0000014c                TPM1_DriverIRQHandler
                0x0000014c                PORTA_DriverIRQHandler
                0x0000014c                FTFA_DriverIRQHandler
                0x0000014c                IntDefaultHandler
                0x0000014c                USB0_DriverIRQHandler
                0x0000014c                DAC0_DriverIRQHandler
                0x0000014c                Reserved45_DriverIRQHandler
                0x0000014c                LVD_LVW_DriverIRQHandler
                0x0000014c                TPM0_DriverIRQHandler
                0x0000014c                DMA3_DriverIRQHandler
                0x0000014c                Reserved20_DriverIRQHandler
                0x0000014e                DMA0_IRQHandler
                0x00000156                DMA1_IRQHandler
                0x0000015e                DMA2_IRQHandler
                0x00000166                DMA3_IRQHandler
                0x0000016e                Reserved20_IRQHandler
                0x00000176                FTFA_IRQHandler
                0x0000017e                LVD_LVW_IRQHandler
                0x00000186                LLWU_IRQHandler
                0x0000018e                I2C0_IRQHandler
                0x00000196                I2C1_IRQHandler
                0x0000019e                SPI0_IRQHandler
                0x000001a6                SPI1_IRQHandler
                0x000001ae                UART0_IRQHandler
                0x000001b6                UART1_IRQHandler
                0x000001be                UART2_IRQHandler
                0x000001c6                ADC0_IRQHandler
                0x000001ce                CMP0_IRQHandler
                0x000001d6                TPM0_IRQHandler
                0x000001de                TPM1_IRQHandler
                0x000001e6                TPM2_IRQHandler
                0x000001ee                RTC_IRQHandler
                0x000001f6                RTC_Seconds_IRQHandler
                0x000001fe                PIT_IRQHandler
                0x00000206                Reserved39_IRQHandler
                0x0000020e                USB0_IRQHandler
                0x00000216                DAC0_IRQHandler
                0x0000021e                TSI0_IRQHandler
                0x00000226                MCG_IRQHandler
                0x0000022e                LPTMR0_IRQHandler
                0x00000236                Reserved45_IRQHandler
                0x0000023e                PORTA_IRQHandler
                0x00000246                PORTD_IRQHandler
                0x00000400                . = 0x400
 *fill*         0x0000024e      0x1b2 ff
                0x00000400                PROVIDE (__FLASH_CONFIG_START__ = .)
 *(SORT_BY_ALIGNMENT(.FlashConfig))
 .FlashConfig   0x00000400       0x10 ./startup/startup_mkl25z4.o
                0x00000400                Flash_Config
                0x00000410                PROVIDE (__FLASH_CONFIG_END__ = .)
                0x00000001                ASSERT (! ((__FLASH_CONFIG_START__ == __FLASH_CONFIG_END__)), Linker Flash Config Support Enabled, but no .FlashConfig section provided within application)
 *(SORT_BY_ALIGNMENT(.text*))
 .text.vPortStartFirstTask
                0x00000410       0x38 ./freertos/port.o
 *fill*         0x00000448        0x8 ff
 .text.PendSV_Handler
                0x00000450       0x48 ./freertos/port.o
                0x00000450                PendSV_Handler
 .text.DbgConsole_Init
                0x00000498       0xf0 ./utilities/fsl_debug_console.o
                0x00000498                DbgConsole_Init
 .text.main     0x00000588       0x98 ./source/freertos_swtimer.o
                0x00000588                main
 .text.SwTimerCallback
                0x00000620       0x1c ./source/freertos_swtimer.o
 .text.dac_task
                0x0000063c       0xa8 ./source/freertos_swtimer.o
 .text.HardFault_Handler
                0x000006e4       0x30 ./source/semihost_hardfault.o
                0x000006e4                HardFault_Handler
 .text.prvSetupTimerInterrupt
                0x00000714       0x40 ./freertos/fsl_tickless_lptmr.o
                0x00000714                prvSetupTimerInterrupt
 .text.pvPortMalloc
                0x00000754      0x14c ./freertos/heap_4.o
                0x00000754                pvPortMalloc
 .text.vPortFree
                0x000008a0       0x90 ./freertos/heap_4.o
                0x000008a0                vPortFree
 .text.prvHeapInit
                0x00000930       0xc0 ./freertos/heap_4.o
 .text.prvInsertBlockIntoFreeList
                0x000009f0       0xb0 ./freertos/heap_4.o
 .text.pxPortInitialiseStack
                0x00000aa0       0x54 ./freertos/port.o
                0x00000aa0                pxPortInitialiseStack
 .text.prvTaskExitError
                0x00000af4       0x18 ./freertos/port.o
 .text.xPortStartScheduler
                0x00000b0c       0x44 ./freertos/port.o
                0x00000b0c                xPortStartScheduler
 .text.vPortYield
                0x00000b50       0x20 ./freertos/port.o
                0x00000b50                vPortYield
 .text.vPortEnterCritical
                0x00000b70       0x24 ./freertos/port.o
                0x00000b70                vPortEnterCritical
 .text.vPortExitCritical
                0x00000b94       0x30 ./freertos/port.o
                0x00000b94                vPortExitCritical
 .text.SysTick_Handler
                0x00000bc4       0x34 ./freertos/port.o
                0x00000bc4                SysTick_Handler
 .text.vQueueAddToRegistry
                0x00000bf8       0x50 ./freertos/queue.o
                0x00000bf8                vQueueAddToRegistry
 .text.prvInitialiseNewTask
                0x00000c48      0x12c ./freertos/tasks.o
 .text.prvAddNewTaskToReadyList
                0x00000d74       0xd0 ./freertos/tasks.o
 .text.vTaskDelayUntil
                0x00000e44       0xb8 ./freertos/tasks.o
                0x00000e44                vTaskDelayUntil
 .text.vTaskStartScheduler
                0x00000efc       0x78 ./freertos/tasks.o
                0x00000efc                vTaskStartScheduler
 .text.vTaskSuspendAll
                0x00000f74       0x18 ./freertos/tasks.o
                0x00000f74                vTaskSuspendAll
 .text.xTaskResumeAll
                0x00000f8c      0x118 ./freertos/tasks.o
                0x00000f8c                xTaskResumeAll
 .text.xTaskGetTickCount
                0x000010a4       0x1c ./freertos/tasks.o
                0x000010a4                xTaskGetTickCount
 .text.xTaskIncrementTick
                0x000010c0      0x14c ./freertos/tasks.o
                0x000010c0                xTaskIncrementTick
 .text.vTaskSwitchContext
                0x0000120c       0xa4 ./freertos/tasks.o
                0x0000120c                vTaskSwitchContext
 .text.vTaskPlaceOnEventList
                0x000012b0       0x3c ./freertos/tasks.o
                0x000012b0                vTaskPlaceOnEventList
 .text.vTaskPlaceOnEventListRestricted
                0x000012ec       0x4c ./freertos/tasks.o
                0x000012ec                vTaskPlaceOnEventListRestricted
 .text.xTaskRemoveFromEventList
                0x00001338       0xb8 ./freertos/tasks.o
                0x00001338                xTaskRemoveFromEventList
 .text.vTaskSetTimeOutState
                0x000013f0       0x34 ./freertos/tasks.o
                0x000013f0                vTaskSetTimeOutState
 .text.xTaskCheckForTimeOut
                0x00001424       0x9c ./freertos/tasks.o
                0x00001424                xTaskCheckForTimeOut
 .text.vTaskMissedYield
                0x000014c0       0x14 ./freertos/tasks.o
                0x000014c0                vTaskMissedYield
 .text.prvIdleTask
                0x000014d4       0x20 ./freertos/tasks.o
 .text.prvInitialiseTaskLists
                0x000014f4       0x88 ./freertos/tasks.o
 .text.prvCheckTasksWaitingTermination
                0x0000157c       0x74 ./freertos/tasks.o
 .text.prvResetNextTaskUnblockTime
                0x000015f0       0x48 ./freertos/tasks.o
 .text.xTaskGetSchedulerState
                0x00001638       0x38 ./freertos/tasks.o
                0x00001638                xTaskGetSchedulerState
 .text.vTaskPriorityInherit
                0x00001670       0xbc ./freertos/tasks.o
                0x00001670                vTaskPriorityInherit
 .text.xTaskPriorityDisinherit
                0x0000172c       0xb8 ./freertos/tasks.o
                0x0000172c                xTaskPriorityDisinherit
 .text.pvTaskIncrementMutexHeldCount
                0x000017e4       0x24 ./freertos/tasks.o
                0x000017e4                pvTaskIncrementMutexHeldCount
 .text.prvAddCurrentTaskToDelayedList
                0x00001808       0xa8 ./freertos/tasks.o
 .text.xTimerCreateTimerTask
                0x000018b0       0x54 ./freertos/timers.o
                0x000018b0                xTimerCreateTimerTask
 .text.xTimerGenericCommand
                0x00001904       0x94 ./freertos/timers.o
                0x00001904                xTimerGenericCommand
 .text.prvProcessExpiredTimer
                0x00001998       0x70 ./freertos/timers.o
 .text.prvProcessTimerOrBlockTask
                0x00001a08       0x8c ./freertos/timers.o
 .text.prvGetNextExpireTime
                0x00001a94       0x40 ./freertos/timers.o
 .text.prvSampleTimeNow
                0x00001ad4       0x40 ./freertos/timers.o
 .text.prvInsertTimerInActiveList
                0x00001b14       0x84 ./freertos/timers.o
 .text.prvProcessReceivedCommands
                0x00001b98      0x124 ./freertos/timers.o
 .text.prvSwitchTimerLists
                0x00001cbc       0xb4 ./freertos/timers.o
 .text.prvCheckForValidListAndQueue
                0x00001d70       0x74 ./freertos/timers.o
 .text.CLOCK_SetEr32kClock
                0x00001de4       0x34 ./drivers/fsl_clock.o
 .text.CLOCK_SetPllFllSelClock
                0x00001e18       0x38 ./drivers/fsl_clock.o
 .text.CLOCK_GetMcgExtClkFreq
                0x00001e50       0x28 ./drivers/fsl_clock.o
 .text.CLOCK_GetFllExtRefClkFreq
                0x00001e78       0xa4 ./drivers/fsl_clock.o
 .text.CLOCK_GetFllRefClkFreq
                0x00001f1c       0x2c ./drivers/fsl_clock.o
 .text.CLOCK_GetOscRangeFromFreq
                0x00001f48       0x4c ./drivers/fsl_clock.o
 .text.CLOCK_GetPllFllSelClkFreq
                0x00001f94       0x4c ./drivers/fsl_clock.o
                0x00001f94                CLOCK_GetPllFllSelClkFreq
 .text.CLOCK_SetSimConfig
                0x00001fe0       0x38 ./drivers/fsl_clock.o
                0x00001fe0                CLOCK_SetSimConfig
 .text.CLOCK_GetFllFreq
                0x00002018       0x84 ./drivers/fsl_clock.o
                0x00002018                CLOCK_GetFllFreq
 .text.CLOCK_GetPll0Freq
                0x0000209c       0x70 ./drivers/fsl_clock.o
                0x0000209c                CLOCK_GetPll0Freq
 .text.CLOCK_SetInternalRefClkConfig
                0x0000210c      0x124 ./drivers/fsl_clock.o
                0x0000210c                CLOCK_SetInternalRefClkConfig
 .text.CLOCK_EnablePll0
                0x00002230       0x90 ./drivers/fsl_clock.o
                0x00002230                CLOCK_EnablePll0
 .text.CLOCK_InitOsc0
                0x000022c0       0x94 ./drivers/fsl_clock.o
                0x000022c0                CLOCK_InitOsc0
 .text.CLOCK_SetPbeMode
                0x00002354       0xb0 ./drivers/fsl_clock.o
                0x00002354                CLOCK_SetPbeMode
 .text.CLOCK_BootToPeeMode
                0x00002404       0x70 ./drivers/fsl_clock.o
                0x00002404                CLOCK_BootToPeeMode
 .text.CLOCK_EnableClock
                0x00002474       0x34 ./drivers/fsl_dac.o
 .text.DAC_GetInstance
                0x000024a8       0x48 ./drivers/fsl_dac.o
 .text.DAC_Init
                0x000024f0       0x80 ./drivers/fsl_dac.o
                0x000024f0                DAC_Init
 .text.DAC_GetDefaultConfig
                0x00002570       0x30 ./drivers/fsl_dac.o
                0x00002570                DAC_GetDefaultConfig
 .text.DAC_SetBufferValue
                0x000025a0       0x64 ./drivers/fsl_dac.o
                0x000025a0                DAC_SetBufferValue
 .text.DAC_SetBufferReadPointer
                0x00002604       0x60 ./drivers/fsl_dac.o
                0x00002604                DAC_SetBufferReadPointer
 .text.CLOCK_EnableClock
                0x00002664       0x34 ./drivers/fsl_lpsci.o
 .text.LPSCI_GetInstance
                0x00002698       0x48 ./drivers/fsl_lpsci.o
                0x00002698                LPSCI_GetInstance
 .text.LPSCI_Init
                0x000026e0      0x258 ./drivers/fsl_lpsci.o
                0x000026e0                LPSCI_Init
 .text.LPSCI_GetDefaultConfig
                0x00002938       0x44 ./drivers/fsl_lpsci.o
                0x00002938                LPSCI_GetDefaultConfig
 .text.LPSCI_ClearStatusFlags
                0x0000297c       0x94 ./drivers/fsl_lpsci.o
                0x0000297c                LPSCI_ClearStatusFlags
 .text.LPSCI_WriteBlocking
                0x00002a10       0x4c ./drivers/fsl_lpsci.o
                0x00002a10                LPSCI_WriteBlocking
 .text.LPSCI_ReadBlocking
                0x00002a5c       0xc0 ./drivers/fsl_lpsci.o
                0x00002a5c                LPSCI_ReadBlocking
 .text.UART0_DriverIRQHandler
                0x00002b1c       0x24 ./drivers/fsl_lpsci.o
                0x00002b1c                UART0_DriverIRQHandler
 .text.CLOCK_EnableClock
                0x00002b40       0x34 ./drivers/fsl_uart.o
 .text.UART_GetInstance
                0x00002b74       0x54 ./drivers/fsl_uart.o
                0x00002b74                UART_GetInstance
 .text.UART_Init
                0x00002bc8      0x1e0 ./drivers/fsl_uart.o
                0x00002bc8                UART_Init
 .text.UART_GetDefaultConfig
                0x00002da8       0x44 ./drivers/fsl_uart.o
                0x00002da8                UART_GetDefaultConfig
 .text.UART_ReadBlocking
                0x00002dec       0x98 ./drivers/fsl_uart.o
                0x00002dec                UART_ReadBlocking
 .text.UART1_DriverIRQHandler
                0x00002e84       0x24 ./drivers/fsl_uart.o
                0x00002e84                UART1_DriverIRQHandler
 .text.UART2_DriverIRQHandler
                0x00002ea8       0x24 ./drivers/fsl_uart.o
                0x00002ea8                UART2_DriverIRQHandler
 .text.CLOCK_SetLpsci0Clock
                0x00002ecc       0x38 ./board/board.o
 .text.BOARD_InitDebugConsole
                0x00002f04       0x30 ./board/board.o
                0x00002f04                BOARD_InitDebugConsole
 .text.CLOCK_SetSimSafeDivs
                0x00002f34       0x20 ./board/clock_config.o
 .text.CLOCK_SetXtal0Freq
                0x00002f54       0x1c ./board/clock_config.o
 .text.CLOCK_CONFIG_SetFllExtRefDiv
                0x00002f70       0x3c ./board/clock_config.o
 .text.BOARD_BootClockRUN
                0x00002fac       0x64 ./board/clock_config.o
                0x00002fac                BOARD_BootClockRUN
 .text.CLOCK_EnableClock
                0x00003010       0x34 ./board/pin_mux.o
 .text.PORT_SetPinMux
                0x00003044       0x40 ./board/pin_mux.o
 .text.BOARD_InitPins
                0x00003084       0x4c ./board/pin_mux.o
                0x00003084                BOARD_InitPins
 .text.SystemInit
                0x000030d0       0x18 ./CMSIS/system_MKL25Z4.o
                0x000030d0                SystemInit
 .text.SystemCoreClockUpdate
                0x000030e8      0x238 ./CMSIS/system_MKL25Z4.o
                0x000030e8                SystemCoreClockUpdate
 .text.__assertion_failed
                0x00003320       0x4c c:/nxp/mcuxpressoide_11.0.0_2516/ide/plugins/com.nxp.mcuxpresso.tools.win32_11.0.0.201905131304/tools/bin/../lib/gcc/arm-none-eabi/8.2.1/../../../../arm-none-eabi/lib/thumb/v6-m/nofp\libcr_semihost_nf.a(_cr_assert.o)
                0x00003320                __assertion_failed
 .text.__sys_appexit
                0x0000336c        0xc c:/nxp/mcuxpressoide_11.0.0_2516/ide/plugins/com.nxp.mcuxpresso.tools.win32_11.0.0.201905131304/tools/bin/../lib/gcc/arm-none-eabi/8.2.1/../../../../arm-none-eabi/lib/thumb/v6-m/nofp\libcr_semihost_nf.a(__sys_appexit.o)
                0x0000336c                __sys_appexit
                0x0000336c                __exit
 .text._deferredlazyseek
                0x00003378       0x40 c:/nxp/mcuxpressoide_11.0.0_2516/ide/plugins/com.nxp.mcuxpresso.tools.win32_11.0.0.201905131304/tools/bin/../lib/gcc/arm-none-eabi/8.2.1/../../../../arm-none-eabi/lib/thumb/v6-m/nofp\libcr_c.a(_deferredlazyseek.o)
                0x00003378                _deferredlazyseek
 .text.__flsbuf
                0x000033b8      0x14c c:/nxp/mcuxpressoide_11.0.0_2516/ide/plugins/com.nxp.mcuxpresso.tools.win32_11.0.0.201905131304/tools/bin/../lib/gcc/arm-none-eabi/8.2.1/../../../../arm-none-eabi/lib/thumb/v6-m/nofp\libcr_c.a(_deferredlazyseek.o)
                0x000033b8                __flsbuf
 .text._fflush  0x00003504       0x5c c:/nxp/mcuxpressoide_11.0.0_2516/ide/plugins/com.nxp.mcuxpresso.tools.win32_11.0.0.201905131304/tools/bin/../lib/gcc/arm-none-eabi/8.2.1/../../../../arm-none-eabi/lib/thumb/v6-m/nofp\libcr_c.a(_fflush.o)
                0x00003504                _fflush
 .text._Cwritebuf
                0x00003560       0x68 c:/nxp/mcuxpressoide_11.0.0_2516/ide/plugins/com.nxp.mcuxpresso.tools.win32_11.0.0.201905131304/tools/bin/../lib/gcc/arm-none-eabi/8.2.1/../../../../arm-none-eabi/lib/thumb/v6-m/nofp\libcr_c.a(_writebuf.o)
                0x00003560                _Cwritebuf
 .text.malloc   0x000035c8       0xcc c:/nxp/mcuxpressoide_11.0.0_2516/ide/plugins/com.nxp.mcuxpresso.tools.win32_11.0.0.201905131304/tools/bin/../lib/gcc/arm-none-eabi/8.2.1/../../../../arm-none-eabi/lib/thumb/v6-m/nofp\libcr_c.a(alloc.o)
                0x000035c8                malloc
 .text._Csys_alloc
                0x00003694       0x20 c:/nxp/mcuxpressoide_11.0.0_2516/ide/plugins/com.nxp.mcuxpresso.tools.win32_11.0.0.201905131304/tools/bin/../lib/gcc/arm-none-eabi/8.2.1/../../../../arm-none-eabi/lib/thumb/v6-m/nofp\libcr_c.a(alloc.o)
                0x00003694                _Csys_alloc
 .text.fseek    0x000036b4       0xf0 c:/nxp/mcuxpressoide_11.0.0_2516/ide/plugins/com.nxp.mcuxpresso.tools.win32_11.0.0.201905131304/tools/bin/../lib/gcc/arm-none-eabi/8.2.1/../../../../arm-none-eabi/lib/thumb/v6-m/nofp\libcr_c.a(fseek.o)
                0x000036b4                fseek
 .text.ftell    0x000037a4       0x48 c:/nxp/mcuxpressoide_11.0.0_2516/ide/plugins/com.nxp.mcuxpresso.tools.win32_11.0.0.201905131304/tools/bin/../lib/gcc/arm-none-eabi/8.2.1/../../../../arm-none-eabi/lib/thumb/v6-m/nofp\libcr_c.a(ftell.o)
                0x000037a4                ftell
 .text._initio  0x000037ec       0x7c c:/nxp/mcuxpressoide_11.0.0_2516/ide/plugins/com.nxp.mcuxpresso.tools.win32_11.0.0.201905131304/tools/bin/../lib/gcc/arm-none-eabi/8.2.1/../../../../arm-none-eabi/lib/thumb/v6-m/nofp\libcr_c.a(initio.o)
                0x000037ec                _initio
 .text.__vfprintf
                0x00003868      0xcd8 c:/nxp/mcuxpressoide_11.0.0_2516/ide/plugins/com.nxp.mcuxpresso.tools.win32_11.0.0.201905131304/tools/bin/../lib/gcc/arm-none-eabi/8.2.1/../../../../arm-none-eabi/lib/thumb/v6-m/nofp\libcr_c.a(printf.o)
                0x00003868                __vfprintf
 .text._vsnprintf
                0x00004540       0x70 c:/nxp/mcuxpressoide_11.0.0_2516/ide/plugins/com.nxp.mcuxpresso.tools.win32_11.0.0.201905131304/tools/bin/../lib/gcc/arm-none-eabi/8.2.1/../../../../arm-none-eabi/lib/thumb/v6-m/nofp\libcr_c.a(printf.o)
                0x00004540                _vsnprintf
 .text._printf  0x000045b0       0x50 c:/nxp/mcuxpressoide_11.0.0_2516/ide/plugins/com.nxp.mcuxpresso.tools.win32_11.0.0.201905131304/tools/bin/../lib/gcc/arm-none-eabi/8.2.1/../../../../arm-none-eabi/lib/thumb/v6-m/nofp\libcr_c.a(printf.o)
                0x000045b0                _printf
 .text.setvbuf  0x00004600       0x4c c:/nxp/mcuxpressoide_11.0.0_2516/ide/plugins/com.nxp.mcuxpresso.tools.win32_11.0.0.201905131304/tools/bin/../lib/gcc/arm-none-eabi/8.2.1/../../../../arm-none-eabi/lib/thumb/v6-m/nofp\libcr_c.a(setvbuf.o)
                0x00004600                setvbuf
 .text.strlen   0x0000464c       0x58 c:/nxp/mcuxpressoide_11.0.0_2516/ide/plugins/com.nxp.mcuxpresso.tools.win32_11.0.0.201905131304/tools/bin/../lib/gcc/arm-none-eabi/8.2.1/../../../../arm-none-eabi/lib/thumb/v6-m/nofp\libcr_c.a(strlen.o)
                0x0000464c                strlen
 .text._sbrk    0x000046a4       0x40 c:/nxp/mcuxpressoide_11.0.0_2516/ide/plugins/com.nxp.mcuxpresso.tools.win32_11.0.0.201905131304/tools/bin/../lib/gcc/arm-none-eabi/8.2.1/../../../../arm-none-eabi/lib/thumb/v6-m/nofp\libcr_c.a(_cr_sbrk.o)
                0x000046a4                _sbrk
 .text._fdopen  0x000046e4       0x74 c:/nxp/mcuxpressoide_11.0.0_2516/ide/plugins/com.nxp.mcuxpresso.tools.win32_11.0.0.201905131304/tools/bin/../lib/gcc/arm-none-eabi/8.2.1/../../../../arm-none-eabi/lib/thumb/v6-m/nofp\libcr_c.a(_fdopen.o)
                0x000046e4                _fdopen
 .text.fclose   0x00004758       0x5c c:/nxp/mcuxpressoide_11.0.0_2516/ide/plugins/com.nxp.mcuxpresso.tools.win32_11.0.0.201905131304/tools/bin/../lib/gcc/arm-none-eabi/8.2.1/../../../../arm-none-eabi/lib/thumb/v6-m/nofp\libcr_c.a(fclose.o)
                0x00004758                fclose
 .text.fflush   0x000047b4       0x44 c:/nxp/mcuxpressoide_11.0.0_2516/ide/plugins/com.nxp.mcuxpresso.tools.win32_11.0.0.201905131304/tools/bin/../lib/gcc/arm-none-eabi/8.2.1/../../../../arm-none-eabi/lib/thumb/v6-m/nofp\libcr_c.a(fflush.o)
                0x000047b4                fflush
 .text.__check_heap_overflow
                0x000047f8       0x14 c:/nxp/mcuxpressoide_11.0.0_2516/ide/plugins/com.nxp.mcuxpresso.tools.win32_11.0.0.201905131304/tools/bin/../lib/gcc/arm-none-eabi/8.2.1/../../../../arm-none-eabi/lib/thumb/v6-m/nofp\libcr_c.a(_cr_check_heap.o)
                0x000047f8                __check_heap_overflow
 .text._do_fflush
                0x0000480c       0x44 c:/nxp/mcuxpressoide_11.0.0_2516/ide/plugins/com.nxp.mcuxpresso.tools.win32_11.0.0.201905131304/tools/bin/../lib/gcc/arm-none-eabi/8.2.1/../../../../arm-none-eabi/lib/thumb/v6-m/nofp\libcr_c.a(_do_fflush.o)
                0x0000480c                _do_fflush
 .text.UART_EnableTx
                0x00004850       0x40 ./utilities/fsl_debug_console.o
 .text.UART_EnableRx
                0x00004890       0x40 ./utilities/fsl_debug_console.o
 .text.LPSCI_EnableTx
                0x000048d0       0x40 ./utilities/fsl_debug_console.o
 .text.LPSCI_EnableRx
                0x00004910       0x40 ./utilities/fsl_debug_console.o
 .text.GPIO_TogglePinsOutput
                0x00004950       0x18 ./source/freertos_swtimer.o
 .text.DAC_Enable
                0x00004968       0x4a ./source/freertos_swtimer.o
 .text.vListInitialise
                0x000049b2       0x3c ./freertos/list.o
                0x000049b2                vListInitialise
 .text.vListInitialiseItem
                0x000049ee       0x16 ./freertos/list.o
                0x000049ee                vListInitialiseItem
 .text.vListInsertEnd
                0x00004a04       0x44 ./freertos/list.o
                0x00004a04                vListInsertEnd
 .text.vListInsert
                0x00004a48       0x6c ./freertos/list.o
                0x00004a48                vListInsert
 .text.uxListRemove
                0x00004ab4       0x50 ./freertos/list.o
                0x00004ab4                uxListRemove
 .text.SVC_Handler
                0x00004b04        0xa ./freertos/port.o
                0x00004b04                SVC_Handler
 .text.ulSetInterruptMaskFromISR
                0x00004b0e        0xc ./freertos/port.o
                0x00004b0e                ulSetInterruptMaskFromISR
 .text.vClearInterruptMaskFromISR
                0x00004b1a        0x8 ./freertos/port.o
                0x00004b1a                vClearInterruptMaskFromISR
 .text.xQueueGenericReset
                0x00004b22       0xa8 ./freertos/queue.o
                0x00004b22                xQueueGenericReset
 .text.xQueueGenericCreate
                0x00004bca       0x64 ./freertos/queue.o
                0x00004bca                xQueueGenericCreate
 .text.prvInitialiseNewQueue
                0x00004c2e       0x4e ./freertos/queue.o
 .text.xQueueGenericSend
                0x00004c7c      0x188 ./freertos/queue.o
                0x00004c7c                xQueueGenericSend
 .text.xQueueGenericSendFromISR
                0x00004e04       0xe2 ./freertos/queue.o
                0x00004e04                xQueueGenericSendFromISR
 .text.xQueueGenericReceive
                0x00004ee6      0x1c8 ./freertos/queue.o
                0x00004ee6                xQueueGenericReceive
 .text.prvCopyDataToQueue
                0x000050ae       0xd6 ./freertos/queue.o
 .text.prvCopyDataFromQueue
                0x00005184       0x4c ./freertos/queue.o
 .text.prvUnlockQueue
                0x000051d0       0xbc ./freertos/queue.o
 .text.prvIsQueueEmpty
                0x0000528c       0x2c ./freertos/queue.o
 .text.prvIsQueueFull
                0x000052b8       0x30 ./freertos/queue.o
 .text.vQueueWaitForMessageRestricted
                0x000052e8       0x66 ./freertos/queue.o
                0x000052e8                vQueueWaitForMessageRestricted
 .text.xTaskCreate
                0x0000534e       0x90 ./freertos/tasks.o
                0x0000534e                xTaskCreate
 .text.prvDeleteTCB
                0x000053de       0x22 ./freertos/tasks.o
 .text.xTimerCreate
                0x00005400       0x3e ./freertos/timers.o
                0x00005400                xTimerCreate
 .text.prvInitialiseNewTimer
                0x0000543e       0x52 ./freertos/timers.o
 .text.prvTimerTask
                0x00005490       0x28 ./freertos/timers.o
 .text.OSC_SetExtRefClkConfig
                0x000054b8       0x3e ./drivers/fsl_clock.o
 .text.OSC_SetCapLoad
                0x000054f6       0x42 ./drivers/fsl_clock.o
 .text.CLOCK_GetPll0RefFreq
                0x00005538       0x10 ./drivers/fsl_clock.o
 .text.CLOCK_SetExternalRefClkConfig
                0x00005548       0x16 ./drivers/fsl_clock.o
                0x00005548                CLOCK_SetExternalRefClkConfig
 .text.LPSCI_GetStatusFlags
                0x0000555e       0x26 ./drivers/fsl_lpsci.o
                0x0000555e                LPSCI_GetStatusFlags
 .text.UART_GetStatusFlags
                0x00005584       0x26 ./drivers/fsl_uart.o
                0x00005584                UART_GetStatusFlags
 .text.UART_WriteBlocking
                0x000055aa       0x3a ./drivers/fsl_uart.o
                0x000055aa                UART_WriteBlocking
 .text.__main   0x000055e4        0xc c:/nxp/mcuxpressoide_11.0.0_2516/ide/plugins/com.nxp.mcuxpresso.tools.win32_11.0.0.201905131304/tools/bin/../lib/gcc/arm-none-eabi/8.2.1/../../../../arm-none-eabi/lib/thumb/v6-m/nofp\libcr_semihost_nf.a(_cr__main.o)
                0x000055e4                __CR_SEMIHOST
                0x000055e4                __main
 .text.memcpy   0x000055f0        0x8 c:/nxp/mcuxpressoide_11.0.0_2516/ide/plugins/com.nxp.mcuxpresso.tools.win32_11.0.0.201905131304/tools/bin/../lib/gcc/arm-none-eabi/8.2.1/../../../../arm-none-eabi/lib/thumb/v6-m/nofp\libcr_c.a(memcpy.o)
                0x000055f0                memcpy
 .text.memset   0x000055f8        0x8 c:/nxp/mcuxpressoide_11.0.0_2516/ide/plugins/com.nxp.mcuxpresso.tools.win32_11.0.0.201905131304/tools/bin/../lib/gcc/arm-none-eabi/8.2.1/../../../../arm-none-eabi/lib/thumb/v6-m/nofp\libcr_c.a(memset.o)
                0x000055f8                memset
 .text.free     0x00005600       0x2c c:/nxp/mcuxpressoide_11.0.0_2516/ide/plugins/com.nxp.mcuxpresso.tools.win32_11.0.0.201905131304/tools/bin/../lib/gcc/arm-none-eabi/8.2.1/../../../../arm-none-eabi/lib/thumb/v6-m/nofp\libcr_c.a(alloc.o)
                0x00005600                free
 .text.fputs    0x0000562c       0x2e c:/nxp/mcuxpressoide_11.0.0_2516/ide/plugins/com.nxp.mcuxpresso.tools.win32_11.0.0.201905131304/tools/bin/../lib/gcc/arm-none-eabi/8.2.1/../../../../arm-none-eabi/lib/thumb/v6-m/nofp\libcr_c.a(fputs.o)
                0x0000562c                fputs
 .text.no_fp_display
                0x0000565a        0x4 c:/nxp/mcuxpressoide_11.0.0_2516/ide/plugins/com.nxp.mcuxpresso.tools.win32_11.0.0.201905131304/tools/bin/../lib/gcc/arm-none-eabi/8.2.1/../../../../arm-none-eabi/lib/thumb/v6-m/nofp\libcr_c.a(printf.o)
 .text.remove   0x0000565e       0x12 c:/nxp/mcuxpressoide_11.0.0_2516/ide/plugins/com.nxp.mcuxpresso.tools.win32_11.0.0.201905131304/tools/bin/../lib/gcc/arm-none-eabi/8.2.1/../../../../arm-none-eabi/lib/thumb/v6-m/nofp\libcr_c.a(remove.o)
                0x0000565e                remove
 .text.__aeabi_division_idivmod
                0x00005670       0x78 c:/nxp/mcuxpressoide_11.0.0_2516/ide/plugins/com.nxp.mcuxpresso.tools.win32_11.0.0.201905131304/tools/bin/../lib/gcc/arm-none-eabi/8.2.1/thumb/v6-m/nofp\libcr_eabihelpers.a(division_32.o)
                0x00005670                __aeabi_idivmod
                0x00005670                __aeabi_idiv
                0x00005676                __aeabi_uidivmod
                0x00005676                __aeabi_uidiv
 .text.__aeabi_division_idiv0
                0x000056e8        0x2 c:/nxp/mcuxpressoide_11.0.0_2516/ide/plugins/com.nxp.mcuxpresso.tools.win32_11.0.0.201905131304/tools/bin/../lib/gcc/arm-none-eabi/8.2.1/thumb/v6-m/nofp\libcr_eabihelpers.a(division_idiv0.o)
                0x000056e8                __aeabi_idiv0
 .text.__aeabi_llong_lmul
                0x000056ea       0x2e c:/nxp/mcuxpressoide_11.0.0_2516/ide/plugins/com.nxp.mcuxpresso.tools.win32_11.0.0.201905131304/tools/bin/../lib/gcc/arm-none-eabi/8.2.1/thumb/v6-m/nofp\libcr_eabihelpers.a(llong.o)
                0x000056ea                __aeabi_lmul
 .text.__aeabi_memcpy
                0x00005718       0x2c c:/nxp/mcuxpressoide_11.0.0_2516/ide/plugins/com.nxp.mcuxpresso.tools.win32_11.0.0.201905131304/tools/bin/../lib/gcc/arm-none-eabi/8.2.1/thumb/v6-m/nofp\libcr_eabihelpers.a(memcpy.o)
                0x00005718                __aeabi_memcpy4
                0x00005718                __aeabi_memcpy8
                0x00005718                __aeabi_memcpy
 .text.__aeabi_memset_lowlevel
                0x00005744       0x2a c:/nxp/mcuxpressoide_11.0.0_2516/ide/plugins/com.nxp.mcuxpresso.tools.win32_11.0.0.201905131304/tools/bin/../lib/gcc/arm-none-eabi/8.2.1/thumb/v6-m/nofp\libcr_eabihelpers.a(memcpy.o)
                0x00005744                __aeabi_lowlevel_memset
 .text.__sys_close
                0x0000576e        0xc c:/nxp/mcuxpressoide_11.0.0_2516/ide/plugins/com.nxp.mcuxpresso.tools.win32_11.0.0.201905131304/tools/bin/../lib/gcc/arm-none-eabi/8.2.1/../../../../arm-none-eabi/lib/thumb/v6-m/nofp\libcr_semihost_nf.a(__sys_close.o)
                0x0000576e                __sys_close
 .text.__sys_flen
                0x0000577a        0xc c:/nxp/mcuxpressoide_11.0.0_2516/ide/plugins/com.nxp.mcuxpresso.tools.win32_11.0.0.201905131304/tools/bin/../lib/gcc/arm-none-eabi/8.2.1/../../../../arm-none-eabi/lib/thumb/v6-m/nofp\libcr_semihost_nf.a(__sys_flen.o)
                0x0000577a                __sys_flen
 .text.__sys_istty
                0x00005786        0xc c:/nxp/mcuxpressoide_11.0.0_2516/ide/plugins/com.nxp.mcuxpresso.tools.win32_11.0.0.201905131304/tools/bin/../lib/gcc/arm-none-eabi/8.2.1/../../../../arm-none-eabi/lib/thumb/v6-m/nofp\libcr_semihost_nf.a(__sys_istty.o)
                0x00005786                __sys_istty
 .text.__sys_remove
                0x00005792        0xc c:/nxp/mcuxpressoide_11.0.0_2516/ide/plugins/com.nxp.mcuxpresso.tools.win32_11.0.0.201905131304/tools/bin/../lib/gcc/arm-none-eabi/8.2.1/../../../../arm-none-eabi/lib/thumb/v6-m/nofp\libcr_semihost_nf.a(__sys_remove.o)
                0x00005792                __sys_remove
 .text.__sys_seek
                0x0000579e        0xc c:/nxp/mcuxpressoide_11.0.0_2516/ide/plugins/com.nxp.mcuxpresso.tools.win32_11.0.0.201905131304/tools/bin/../lib/gcc/arm-none-eabi/8.2.1/../../../../arm-none-eabi/lib/thumb/v6-m/nofp\libcr_semihost_nf.a(__sys_seek.o)
                0x0000579e                __sys_seek
 .text.__sys_tmpnam
                0x000057aa        0xc c:/nxp/mcuxpressoide_11.0.0_2516/ide/plugins/com.nxp.mcuxpresso.tools.win32_11.0.0.201905131304/tools/bin/../lib/gcc/arm-none-eabi/8.2.1/../../../../arm-none-eabi/lib/thumb/v6-m/nofp\libcr_semihost_nf.a(__sys_tmpnam.o)
                0x000057aa                __sys_tmpnam
 .text.__sys_write
                0x000057b6        0xc c:/nxp/mcuxpressoide_11.0.0_2516/ide/plugins/com.nxp.mcuxpresso.tools.win32_11.0.0.201905131304/tools/bin/../lib/gcc/arm-none-eabi/8.2.1/../../../../arm-none-eabi/lib/thumb/v6-m/nofp\libcr_semihost_nf.a(__sys_write.o)
                0x000057b6                __sys_write
 *(SORT_BY_ALIGNMENT(.rodata) SORT_BY_ALIGNMENT(.rodata.*) SORT_BY_ALIGNMENT(.constdata) SORT_BY_ALIGNMENT(.constdata.*))
 *fill*         0x000057c2        0x2 ff
 .rodata        0x000057c4       0x34 ./source/freertos_swtimer.o
 .rodata        0x000057f8       0x18 ./freertos/tasks.o
                0x00005800                FreeRTOSDebugConfig
 .rodata        0x00005810        0xd ./freertos/timers.o
 *fill*         0x0000581d        0x3 ff
 .rodata.prvProcessReceivedCommands
                0x00005820       0x28 ./freertos/timers.o
 .rodata        0x00005848      0x11d ./drivers/fsl_clock.o
 *fill*         0x00005965        0x3 ff
 .rodata.fllFactorTable.5230
                0x00005968       0x10 ./drivers/fsl_clock.o
 .rodata        0x00005978      0x152 ./drivers/fsl_dac.o
 *fill*         0x00005aca        0x2 ff
 .rodata        0x00005acc      0x48c ./drivers/fsl_lpsci.o
 .rodata.s_uartBases
                0x00005f58        0xc ./drivers/fsl_uart.o
 .rodata.s_uartClock
                0x00005f64        0xc ./drivers/fsl_uart.o
 .rodata        0x00005f70      0x45b ./drivers/fsl_uart.o
 *fill*         0x000063cb        0x1 ff
 .rodata.mcgConfig_BOARD_BootClockRUN
                0x000063cc        0xa ./board/clock_config.o
                0x000063cc                mcgConfig_BOARD_BootClockRUN
 *fill*         0x000063d6        0x2 ff
 .rodata.simConfig_BOARD_BootClockRUN
                0x000063d8        0x8 ./board/clock_config.o
                0x000063d8                simConfig_BOARD_BootClockRUN
 .rodata.oscConfig_BOARD_BootClockRUN
                0x000063e0        0x8 ./board/clock_config.o
                0x000063e0                oscConfig_BOARD_BootClockRUN
 .rodata.__num_Ciob_streams
                0x000063e8        0x4 c:/nxp/mcuxpressoide_11.0.0_2516/ide/plugins/com.nxp.mcuxpresso.tools.win32_11.0.0.201905131304/tools/bin/../lib/gcc/arm-none-eabi/8.2.1/../../../../arm-none-eabi/lib/thumb/v6-m/nofp\libcr_semihost_nf.a(__ciob.o)
                0x000063e8                __num_Ciob_streams
 .rodata.__assertion_failed.str1.1
                0x000063ec       0x15 c:/nxp/mcuxpressoide_11.0.0_2516/ide/plugins/com.nxp.mcuxpresso.tools.win32_11.0.0.201905131304/tools/bin/../lib/gcc/arm-none-eabi/8.2.1/../../../../arm-none-eabi/lib/thumb/v6-m/nofp\libcr_semihost_nf.a(_cr_assert.o)
 .rodata._Csys_alloc.str1.1
                0x00006401       0x18 c:/nxp/mcuxpressoide_11.0.0_2516/ide/plugins/com.nxp.mcuxpresso.tools.win32_11.0.0.201905131304/tools/bin/../lib/gcc/arm-none-eabi/8.2.1/../../../../arm-none-eabi/lib/thumb/v6-m/nofp\libcr_c.a(alloc.o)
 .rodata._initio.str1.1
                0x00006419        0x4 c:/nxp/mcuxpressoide_11.0.0_2516/ide/plugins/com.nxp.mcuxpresso.tools.win32_11.0.0.201905131304/tools/bin/../lib/gcc/arm-none-eabi/8.2.1/../../../../arm-none-eabi/lib/thumb/v6-m/nofp\libcr_c.a(initio.o)
 .rodata.__vfprintf.str1.1
                0x0000641d       0x35 c:/nxp/mcuxpressoide_11.0.0_2516/ide/plugins/com.nxp.mcuxpresso.tools.win32_11.0.0.201905131304/tools/bin/../lib/gcc/arm-none-eabi/8.2.1/../../../../arm-none-eabi/lib/thumb/v6-m/nofp\libcr_c.a(printf.o)
                                 0x38 (size before relaxing)
                0x00006454                . = ALIGN (0x4)
 *fill*         0x00006452        0x2 ff

.glue_7         0x00006454        0x0
 .glue_7        0x00006454        0x0 linker stubs

.glue_7t        0x00006454        0x0
 .glue_7t       0x00006454        0x0 linker stubs

.vfp11_veneer   0x00006454        0x0
 .vfp11_veneer  0x00006454        0x0 linker stubs

.v4_bx          0x00006454        0x0
 .v4_bx         0x00006454        0x0 linker stubs

.iplt           0x00006454        0x0
 .iplt          0x00006454        0x0 ./utilities/fsl_debug_console.o

.rel.dyn        0x00006454        0x0
 .rel.iplt      0x00006454        0x0 ./utilities/fsl_debug_console.o

.ARM.extab
 *(SORT_BY_ALIGNMENT(.ARM.extab*) SORT_BY_ALIGNMENT(.gnu.linkonce.armextab.*))
                0x00006454                __exidx_start = .

.ARM.exidx
 *(SORT_BY_ALIGNMENT(.ARM.exidx*) SORT_BY_ALIGNMENT(.gnu.linkonce.armexidx.*))
                0x00006454                __exidx_end = .
                0x00006454                _etext = .

.m_usb_data
 *(SORT_BY_ALIGNMENT(m_usb_bdt))

.mtb_buffer_default
                0x1ffff000       0x80
 *(SORT_BY_ALIGNMENT(.mtb*))
 .mtb.$RAM1     0x1ffff000       0x80 ./source/mtb.o
                0x1ffff000                __mtb_buffer__

.uninit_RESERVED
                0x1ffff080        0x0
                0x1ffff080                . = ALIGN (0x4)
 *(SORT_BY_ALIGNMENT(.bss.$RESERVED*))
                0x1ffff080                . = ALIGN (0x4)
                0x1ffff080                _end_uninit_RESERVED = .

.data           0x1ffff080       0xd4 load address 0x00006454
 FILL mask 0xff
                0x1ffff080                _data = .
 *(SORT_BY_ALIGNMENT(vtable))
 *(SORT_BY_ALIGNMENT(.ramfunc*))
 *(SORT_BY_ALIGNMENT(.data*))
 .data.sine_val
                0x1ffff080       0xc8 ./source/freertos_swtimer.o
                0x1ffff080                sine_val
 .data.uxCriticalNesting
                0x1ffff148        0x4 ./freertos/port.o
 .data.s_slowIrcFreq
                0x1ffff14c        0x4 ./drivers/fsl_clock.o
 .data.SystemCoreClock
                0x1ffff150        0x4 ./CMSIS/system_MKL25Z4.o
                0x1ffff150                SystemCoreClock
                0x1ffff154                . = ALIGN (0x4)
                0x1ffff154                _edata = .

.igot.plt       0x1ffff154        0x0 load address 0x00006528
 .igot.plt      0x1ffff154        0x0 ./utilities/fsl_debug_console.o

.bss            0x1ffff154     0x2a88 load address 0x00006528
                0x1ffff154                . = ALIGN (0x4)
                0x1ffff154                _bss = .
 *(SORT_BY_ALIGNMENT(.bss*))
 .bss.s_debugConsole
                0x1ffff154       0x10 ./utilities/fsl_debug_console.o
 .bss.ucHeap    0x1ffff164     0x2800 ./freertos/heap_4.o
 .bss.xStart    0x20001964        0x8 ./freertos/heap_4.o
 .bss.pxEnd     0x2000196c        0x4 ./freertos/heap_4.o
 .bss.xFreeBytesRemaining
                0x20001970        0x4 ./freertos/heap_4.o
 .bss.xMinimumEverFreeBytesRemaining
                0x20001974        0x4 ./freertos/heap_4.o
 .bss.xBlockAllocatedBit
                0x20001978        0x4 ./freertos/heap_4.o
 .bss.xQueueRegistry
                0x2000197c       0x40 ./freertos/queue.o
                0x2000197c                xQueueRegistry
 .bss.pxCurrentTCB
                0x200019bc        0x4 ./freertos/tasks.o
                0x200019bc                pxCurrentTCB
 .bss.pxReadyTasksLists
                0x200019c0       0x64 ./freertos/tasks.o
 .bss.xDelayedTaskList1
                0x20001a24       0x14 ./freertos/tasks.o
 .bss.xDelayedTaskList2
                0x20001a38       0x14 ./freertos/tasks.o
 .bss.pxDelayedTaskList
                0x20001a4c        0x4 ./freertos/tasks.o
 .bss.pxOverflowDelayedTaskList
                0x20001a50        0x4 ./freertos/tasks.o
 .bss.xPendingReadyList
                0x20001a54       0x14 ./freertos/tasks.o
 .bss.xTasksWaitingTermination
                0x20001a68       0x14 ./freertos/tasks.o
 .bss.uxDeletedTasksWaitingCleanUp
                0x20001a7c        0x4 ./freertos/tasks.o
 .bss.xSuspendedTaskList
                0x20001a80       0x14 ./freertos/tasks.o
 .bss.uxCurrentNumberOfTasks
                0x20001a94        0x4 ./freertos/tasks.o
 .bss.xTickCount
                0x20001a98        0x4 ./freertos/tasks.o
 .bss.uxTopReadyPriority
                0x20001a9c        0x4 ./freertos/tasks.o
 .bss.xSchedulerRunning
                0x20001aa0        0x4 ./freertos/tasks.o
 .bss.uxPendedTicks
                0x20001aa4        0x4 ./freertos/tasks.o
 .bss.xYieldPending
                0x20001aa8        0x4 ./freertos/tasks.o
 .bss.xNumOfOverflows
                0x20001aac        0x4 ./freertos/tasks.o
 .bss.uxTaskNumber
                0x20001ab0        0x4 ./freertos/tasks.o
 .bss.xNextTaskUnblockTime
                0x20001ab4        0x4 ./freertos/tasks.o
 .bss.xIdleTaskHandle
                0x20001ab8        0x4 ./freertos/tasks.o
 .bss.uxSchedulerSuspended
                0x20001abc        0x4 ./freertos/tasks.o
 .bss.xActiveTimerList1
                0x20001ac0       0x14 ./freertos/timers.o
 .bss.xActiveTimerList2
                0x20001ad4       0x14 ./freertos/timers.o
 .bss.pxCurrentTimerList
                0x20001ae8        0x4 ./freertos/timers.o
 .bss.pxOverflowTimerList
                0x20001aec        0x4 ./freertos/timers.o
 .bss.xTimerQueue
                0x20001af0        0x4 ./freertos/timers.o
 .bss.xTimerTaskHandle
                0x20001af4        0x4 ./freertos/timers.o
 .bss.xLastTime.4576
                0x20001af8        0x4 ./freertos/timers.o
 .bss.g_xtal0Freq
                0x20001afc        0x4 ./drivers/fsl_clock.o
                0x20001afc                g_xtal0Freq
 .bss.s_lpsciHandle
                0x20001b00        0x4 ./drivers/fsl_lpsci.o
 .bss.s_lpsciIsr
                0x20001b04        0x4 ./drivers/fsl_lpsci.o
 .bss.s_uartHandle
                0x20001b08        0xc ./drivers/fsl_uart.o
 .bss.s_uartIsr
                0x20001b14        0x4 ./drivers/fsl_uart.o
 .bss.__Ciob    0x20001b18       0xb4 c:/nxp/mcuxpressoide_11.0.0_2516/ide/plugins/com.nxp.mcuxpresso.tools.win32_11.0.0.201905131304/tools/bin/../lib/gcc/arm-none-eabi/8.2.1/../../../../arm-none-eabi/lib/thumb/v6-m/nofp\libcr_semihost_nf.a(__ciob.o)
                0x20001b18                __Ciob
 .bss.__end_of_heap
                0x20001bcc        0x4 c:/nxp/mcuxpressoide_11.0.0_2516/ide/plugins/com.nxp.mcuxpresso.tools.win32_11.0.0.201905131304/tools/bin/../lib/gcc/arm-none-eabi/8.2.1/../../../../arm-none-eabi/lib/thumb/v6-m/nofp\libcr_c.a(__init_alloc.o)
                0x20001bcc                __end_of_heap
 .bss.__heaps   0x20001bd0        0x4 c:/nxp/mcuxpressoide_11.0.0_2516/ide/plugins/com.nxp.mcuxpresso.tools.win32_11.0.0.201905131304/tools/bin/../lib/gcc/arm-none-eabi/8.2.1/../../../../arm-none-eabi/lib/thumb/v6-m/nofp\libcr_c.a(__init_alloc.o)
                0x20001bd0                __heaps
 .bss.errno     0x20001bd4        0x4 c:/nxp/mcuxpressoide_11.0.0_2516/ide/plugins/com.nxp.mcuxpresso.tools.win32_11.0.0.201905131304/tools/bin/../lib/gcc/arm-none-eabi/8.2.1/../../../../arm-none-eabi/lib/thumb/v6-m/nofp\libcr_c.a(errno.o)
                0x20001bd4                errno
 .bss.dac_write
                0x20001bd8        0x1 ./source/freertos_swtimer.o
                0x20001bd8                dac_write
 .bss.i.5800    0x20001bd9        0x1 ./source/freertos_swtimer.o
 *(SORT_BY_ALIGNMENT(COMMON))
                0x20001bdc                . = ALIGN (0x4)
 *fill*         0x20001bda        0x2 
                0x20001bdc                _ebss = .
                [!provide]                PROVIDE (end = .)

.noinit         0x20001bdc        0x0 load address 0x00006528
                0x20001bdc                . = ALIGN (0x4)
                0x20001bdc                _noinit = .
 *(SORT_BY_ALIGNMENT(.noinit*))
                0x20001bdc                . = ALIGN (0x4)
                0x20001bdc                _end_noinit = .
                0x00000400                _HeapSize = 0x400

.heap           0x20001bdc      0x400 load address 0x00006528
                0x20001bdc                _pvHeapStart = .
                0x20001fdc                . = (. + _HeapSize)
 *fill*         0x20001bdc      0x400 
                0x20001fdc                . = ALIGN (0x4)
                0x20001fdc                _pvHeapLimit = .
                0x00000400                _StackSize = 0x400

.heap2stackfill
                0x20001fdc      0x400 load address 0x00006528
                0x200023dc                . = (. + _StackSize)
 *fill*         0x20001fdc      0x400 

.stack          0x20002c00        0x0
                0x20002c00                _vStackBase = .
                0x20002c00                . = ALIGN (0x4)
                0x20003000                _vStackTop = (. + _StackSize)
                0x00000000                _image_start = LOADADDR (.text)
                0x00006528                _image_end = (LOADADDR (.data) + SIZEOF (.data))
                0x00006528                _image_size = (_image_end - _image_start)
OUTPUT(Timer_1_rtos_examples_freertos_swtimer.axf elf32-littlearm)

.debug_info     0x00000000     0xbdd7
 .debug_info    0x00000000      0x9b1 ./utilities/fsl_debug_console.o
 .debug_info    0x000009b1      0x4db ./startup/startup_mkl25z4.o
 .debug_info    0x00000e8c      0x981 ./source/freertos_swtimer.o
 .debug_info    0x0000180d       0x4f ./source/mtb.o
 .debug_info    0x0000185c       0x38 ./source/semihost_hardfault.o
 .debug_info    0x00001894       0xe8 ./freertos/fsl_tickless_lptmr.o
 .debug_info    0x0000197c      0x330 ./freertos/heap_4.o
 .debug_info    0x00001cac      0x2e7 ./freertos/list.o
 .debug_info    0x00001f93      0x276 ./freertos/port.o
 .debug_info    0x00002209      0xef7 ./freertos/queue.o
 .debug_info    0x00003100     0x18e2 ./freertos/tasks.o
 .debug_info    0x000049e2      0xb8e ./freertos/timers.o
 .debug_info    0x00005570     0x1a93 ./drivers/fsl_clock.o
 .debug_info    0x00007003      0x8b6 ./drivers/fsl_dac.o
 .debug_info    0x000078b9     0x1465 ./drivers/fsl_lpsci.o
 .debug_info    0x00008d1e     0x1406 ./drivers/fsl_uart.o
 .debug_info    0x0000a124      0x807 ./board/board.o
 .debug_info    0x0000a92b      0xaea ./board/clock_config.o
 .debug_info    0x0000b415      0x58d ./board/pin_mux.o
 .debug_info    0x0000b9a2      0x435 ./CMSIS/system_MKL25Z4.o

.debug_abbrev   0x00000000     0x248c
 .debug_abbrev  0x00000000      0x218 ./utilities/fsl_debug_console.o
 .debug_abbrev  0x00000218      0x18a ./startup/startup_mkl25z4.o
 .debug_abbrev  0x000003a2      0x1d9 ./source/freertos_swtimer.o
 .debug_abbrev  0x0000057b       0x43 ./source/mtb.o
 .debug_abbrev  0x000005be       0x2e ./source/semihost_hardfault.o
 .debug_abbrev  0x000005ec       0x97 ./freertos/fsl_tickless_lptmr.o
 .debug_abbrev  0x00000683      0x1a4 ./freertos/heap_4.o
 .debug_abbrev  0x00000827      0x123 ./freertos/list.o
 .debug_abbrev  0x0000094a      0x1b0 ./freertos/port.o
 .debug_abbrev  0x00000afa      0x211 ./freertos/queue.o
 .debug_abbrev  0x00000d0b      0x2cd ./freertos/tasks.o
 .debug_abbrev  0x00000fd8      0x222 ./freertos/timers.o
 .debug_abbrev  0x000011fa      0x36c ./drivers/fsl_clock.o
 .debug_abbrev  0x00001566      0x234 ./drivers/fsl_dac.o
 .debug_abbrev  0x0000179a      0x306 ./drivers/fsl_lpsci.o
 .debug_abbrev  0x00001aa0      0x320 ./drivers/fsl_uart.o
 .debug_abbrev  0x00001dc0      0x1a4 ./board/board.o
 .debug_abbrev  0x00001f64      0x21d ./board/clock_config.o
 .debug_abbrev  0x00002181      0x1b8 ./board/pin_mux.o
 .debug_abbrev  0x00002339      0x153 ./CMSIS/system_MKL25Z4.o

.debug_aranges  0x00000000      0xc98
 .debug_aranges
                0x00000000       0x48 ./utilities/fsl_debug_console.o
 .debug_aranges
                0x00000048      0x160 ./startup/startup_mkl25z4.o
 .debug_aranges
                0x000001a8       0x40 ./source/freertos_swtimer.o
 .debug_aranges
                0x000001e8       0x18 ./source/mtb.o
 .debug_aranges
                0x00000200       0x20 ./source/semihost_hardfault.o
 .debug_aranges
                0x00000220       0x20 ./freertos/fsl_tickless_lptmr.o
 .debug_aranges
                0x00000240       0x50 ./freertos/heap_4.o
 .debug_aranges
                0x00000290       0x40 ./freertos/list.o
 .debug_aranges
                0x000002d0       0x80 ./freertos/port.o
 .debug_aranges
                0x00000350      0x118 ./freertos/queue.o
 .debug_aranges
                0x00000468      0x1e8 ./freertos/tasks.o
 .debug_aranges
                0x00000650       0xc8 ./freertos/timers.o
 .debug_aranges
                0x00000718      0x1d8 ./drivers/fsl_clock.o
 .debug_aranges
                0x000008f0       0x90 ./drivers/fsl_dac.o
 .debug_aranges
                0x00000980      0x118 ./drivers/fsl_lpsci.o
 .debug_aranges
                0x00000a98      0x130 ./drivers/fsl_uart.o
 .debug_aranges
                0x00000bc8       0x28 ./board/board.o
 .debug_aranges
                0x00000bf0       0x50 ./board/clock_config.o
 .debug_aranges
                0x00000c40       0x30 ./board/pin_mux.o
 .debug_aranges
                0x00000c70       0x28 ./CMSIS/system_MKL25Z4.o

.debug_ranges   0x00000000      0xb50
 .debug_ranges  0x00000000       0x38 ./utilities/fsl_debug_console.o
 .debug_ranges  0x00000038      0x150 ./startup/startup_mkl25z4.o
 .debug_ranges  0x00000188       0x30 ./source/freertos_swtimer.o
 .debug_ranges  0x000001b8       0x10 ./source/semihost_hardfault.o
 .debug_ranges  0x000001c8       0x10 ./freertos/fsl_tickless_lptmr.o
 .debug_ranges  0x000001d8       0x40 ./freertos/heap_4.o
 .debug_ranges  0x00000218       0x30 ./freertos/list.o
 .debug_ranges  0x00000248       0x70 ./freertos/port.o
 .debug_ranges  0x000002b8      0x108 ./freertos/queue.o
 .debug_ranges  0x000003c0      0x1d8 ./freertos/tasks.o
 .debug_ranges  0x00000598       0xb8 ./freertos/timers.o
 .debug_ranges  0x00000650      0x1c8 ./drivers/fsl_clock.o
 .debug_ranges  0x00000818       0x80 ./drivers/fsl_dac.o
 .debug_ranges  0x00000898      0x108 ./drivers/fsl_lpsci.o
 .debug_ranges  0x000009a0      0x120 ./drivers/fsl_uart.o
 .debug_ranges  0x00000ac0       0x18 ./board/board.o
 .debug_ranges  0x00000ad8       0x40 ./board/clock_config.o
 .debug_ranges  0x00000b18       0x20 ./board/pin_mux.o
 .debug_ranges  0x00000b38       0x18 ./CMSIS/system_MKL25Z4.o

.debug_line     0x00000000     0x7274
 .debug_line    0x00000000      0x315 ./utilities/fsl_debug_console.o
 .debug_line    0x00000315      0x1e7 ./startup/startup_mkl25z4.o
 .debug_line    0x000004fc      0x2cb ./source/freertos_swtimer.o
 .debug_line    0x000007c7       0x30 ./source/mtb.o
 .debug_line    0x000007f7       0x5a ./source/semihost_hardfault.o
 .debug_line    0x00000851      0x18c ./freertos/fsl_tickless_lptmr.o
 .debug_line    0x000009dd      0x3c6 ./freertos/heap_4.o
 .debug_line    0x00000da3      0x272 ./freertos/list.o
 .debug_line    0x00001015      0x30d ./freertos/port.o
 .debug_line    0x00001322      0xbdd ./freertos/queue.o
 .debug_line    0x00001eff     0x1488 ./freertos/tasks.o
 .debug_line    0x00003387      0x67b ./freertos/timers.o
 .debug_line    0x00003a02     0x1204 ./drivers/fsl_clock.o
 .debug_line    0x00004c06      0x43e ./drivers/fsl_dac.o
 .debug_line    0x00005044      0xc88 ./drivers/fsl_lpsci.o
 .debug_line    0x00005ccc      0xc77 ./drivers/fsl_uart.o
 .debug_line    0x00006943      0x1e5 ./board/board.o
 .debug_line    0x00006b28      0x29d ./board/clock_config.o
 .debug_line    0x00006dc5      0x207 ./board/pin_mux.o
 .debug_line    0x00006fcc      0x2a8 ./CMSIS/system_MKL25Z4.o

.debug_str      0x00000000     0x5688
 .debug_str     0x00000000      0xb1c ./utilities/fsl_debug_console.o
                                0xb8d (size before relaxing)
 .debug_str     0x00000b1c      0x394 ./startup/startup_mkl25z4.o
                                0x509 (size before relaxing)
 .debug_str     0x00000eb0      0x532 ./source/freertos_swtimer.o
                                0xcda (size before relaxing)
 .debug_str     0x000013e2       0x1f ./source/mtb.o
                                0x193 (size before relaxing)
 .debug_str     0x00001401       0x1f ./source/semihost_hardfault.o
                                0x193 (size before relaxing)
 .debug_str     0x00001420       0x38 ./freertos/fsl_tickless_lptmr.o
                                0x284 (size before relaxing)
 .debug_str     0x00001458      0x1d3 ./freertos/heap_4.o
                                0x40a (size before relaxing)
 .debug_str     0x0000162b      0x125 ./freertos/list.o
                                0x37e (size before relaxing)
 .debug_str     0x00001750      0x130 ./freertos/port.o
                                0x3c0 (size before relaxing)
 .debug_str     0x00001880      0x565 ./freertos/queue.o
                                0x8a0 (size before relaxing)
 .debug_str     0x00001de5      0xbec ./freertos/tasks.o
                               0x101e (size before relaxing)
 .debug_str     0x000029d1      0x4cf ./freertos/timers.o
                                0x860 (size before relaxing)
 .debug_str     0x00002ea0      0xdd1 ./drivers/fsl_clock.o
                               0x1834 (size before relaxing)
 .debug_str     0x00003c71      0x262 ./drivers/fsl_dac.o
                                0xbe5 (size before relaxing)
 .debug_str     0x00003ed3      0xb8a ./drivers/fsl_lpsci.o
                               0x15fc (size before relaxing)
 .debug_str     0x00004a5d      0x819 ./drivers/fsl_uart.o
                               0x1608 (size before relaxing)
 .debug_str     0x00005276       0x4c ./board/board.o
                                0x787 (size before relaxing)
 .debug_str     0x000052c2      0x222 ./board/clock_config.o
                                0xe06 (size before relaxing)
 .debug_str     0x000054e4      0x155 ./board/pin_mux.o
                                0x611 (size before relaxing)
 .debug_str     0x00005639       0x4f ./CMSIS/system_MKL25Z4.o
                                0x375 (size before relaxing)

.comment        0x00000000       0x75
 .comment       0x00000000       0x75 ./utilities/fsl_debug_console.o
                                 0x76 (size before relaxing)
 .comment       0x00000075       0x76 ./startup/startup_mkl25z4.o
 .comment       0x00000075       0x76 ./source/freertos_swtimer.o
 .comment       0x00000075       0x76 ./source/mtb.o
 .comment       0x00000075       0x76 ./source/semihost_hardfault.o
 .comment       0x00000075       0x76 ./freertos/fsl_tickless_lptmr.o
 .comment       0x00000075       0x76 ./freertos/heap_4.o
 .comment       0x00000075       0x76 ./freertos/list.o
 .comment       0x00000075       0x76 ./freertos/port.o
 .comment       0x00000075       0x76 ./freertos/queue.o
 .comment       0x00000075       0x76 ./freertos/tasks.o
 .comment       0x00000075       0x76 ./freertos/timers.o
 .comment       0x00000075       0x76 ./drivers/fsl_clock.o
 .comment       0x00000075       0x76 ./drivers/fsl_dac.o
 .comment       0x00000075       0x76 ./drivers/fsl_lpsci.o
 .comment       0x00000075       0x76 ./drivers/fsl_uart.o
 .comment       0x00000075       0x76 ./board/board.o
 .comment       0x00000075       0x76 ./board/clock_config.o
 .comment       0x00000075       0x76 ./board/pin_mux.o
 .comment       0x00000075       0x76 ./CMSIS/system_MKL25Z4.o
 .comment       0x00000075       0x76 c:/nxp/mcuxpressoide_11.0.0_2516/ide/plugins/com.nxp.mcuxpresso.tools.win32_11.0.0.201905131304/tools/bin/../lib/gcc/arm-none-eabi/8.2.1/../../../../arm-none-eabi/lib/thumb/v6-m/nofp\libcr_semihost_nf.a(_cr__main.o)
 .comment       0x00000075       0x76 c:/nxp/mcuxpressoide_11.0.0_2516/ide/plugins/com.nxp.mcuxpresso.tools.win32_11.0.0.201905131304/tools/bin/../lib/gcc/arm-none-eabi/8.2.1/../../../../arm-none-eabi/lib/thumb/v6-m/nofp\libcr_semihost_nf.a(_cr_assert.o)
 .comment       0x00000075       0x76 c:/nxp/mcuxpressoide_11.0.0_2516/ide/plugins/com.nxp.mcuxpresso.tools.win32_11.0.0.201905131304/tools/bin/../lib/gcc/arm-none-eabi/8.2.1/../../../../arm-none-eabi/lib/thumb/v6-m/nofp\libcr_semihost_nf.a(__ciob.o)
 .comment       0x00000075       0x76 c:/nxp/mcuxpressoide_11.0.0_2516/ide/plugins/com.nxp.mcuxpresso.tools.win32_11.0.0.201905131304/tools/bin/../lib/gcc/arm-none-eabi/8.2.1/../../../../arm-none-eabi/lib/thumb/v6-m/nofp\libcr_c.a(memcpy.o)
 .comment       0x00000075       0x76 c:/nxp/mcuxpressoide_11.0.0_2516/ide/plugins/com.nxp.mcuxpresso.tools.win32_11.0.0.201905131304/tools/bin/../lib/gcc/arm-none-eabi/8.2.1/../../../../arm-none-eabi/lib/thumb/v6-m/nofp\libcr_c.a(memset.o)
 .comment       0x00000075       0x76 c:/nxp/mcuxpressoide_11.0.0_2516/ide/plugins/com.nxp.mcuxpresso.tools.win32_11.0.0.201905131304/tools/bin/../lib/gcc/arm-none-eabi/8.2.1/../../../../arm-none-eabi/lib/thumb/v6-m/nofp\libcr_c.a(_deferredlazyseek.o)
 .comment       0x00000075       0x76 c:/nxp/mcuxpressoide_11.0.0_2516/ide/plugins/com.nxp.mcuxpresso.tools.win32_11.0.0.201905131304/tools/bin/../lib/gcc/arm-none-eabi/8.2.1/../../../../arm-none-eabi/lib/thumb/v6-m/nofp\libcr_c.a(_fflush.o)
 .comment       0x00000075       0x76 c:/nxp/mcuxpressoide_11.0.0_2516/ide/plugins/com.nxp.mcuxpresso.tools.win32_11.0.0.201905131304/tools/bin/../lib/gcc/arm-none-eabi/8.2.1/../../../../arm-none-eabi/lib/thumb/v6-m/nofp\libcr_c.a(_writebuf.o)
 .comment       0x00000075       0x76 c:/nxp/mcuxpressoide_11.0.0_2516/ide/plugins/com.nxp.mcuxpresso.tools.win32_11.0.0.201905131304/tools/bin/../lib/gcc/arm-none-eabi/8.2.1/../../../../arm-none-eabi/lib/thumb/v6-m/nofp\libcr_c.a(alloc.o)
 .comment       0x00000075       0x76 c:/nxp/mcuxpressoide_11.0.0_2516/ide/plugins/com.nxp.mcuxpresso.tools.win32_11.0.0.201905131304/tools/bin/../lib/gcc/arm-none-eabi/8.2.1/../../../../arm-none-eabi/lib/thumb/v6-m/nofp\libcr_c.a(fputs.o)
 .comment       0x00000075       0x76 c:/nxp/mcuxpressoide_11.0.0_2516/ide/plugins/com.nxp.mcuxpresso.tools.win32_11.0.0.201905131304/tools/bin/../lib/gcc/arm-none-eabi/8.2.1/../../../../arm-none-eabi/lib/thumb/v6-m/nofp\libcr_c.a(fseek.o)
 .comment       0x00000075       0x76 c:/nxp/mcuxpressoide_11.0.0_2516/ide/plugins/com.nxp.mcuxpresso.tools.win32_11.0.0.201905131304/tools/bin/../lib/gcc/arm-none-eabi/8.2.1/../../../../arm-none-eabi/lib/thumb/v6-m/nofp\libcr_c.a(ftell.o)
 .comment       0x00000075       0x76 c:/nxp/mcuxpressoide_11.0.0_2516/ide/plugins/com.nxp.mcuxpresso.tools.win32_11.0.0.201905131304/tools/bin/../lib/gcc/arm-none-eabi/8.2.1/../../../../arm-none-eabi/lib/thumb/v6-m/nofp\libcr_c.a(initio.o)
 .comment       0x00000075       0x76 c:/nxp/mcuxpressoide_11.0.0_2516/ide/plugins/com.nxp.mcuxpresso.tools.win32_11.0.0.201905131304/tools/bin/../lib/gcc/arm-none-eabi/8.2.1/../../../../arm-none-eabi/lib/thumb/v6-m/nofp\libcr_c.a(printf.o)
 .comment       0x00000075       0x76 c:/nxp/mcuxpressoide_11.0.0_2516/ide/plugins/com.nxp.mcuxpresso.tools.win32_11.0.0.201905131304/tools/bin/../lib/gcc/arm-none-eabi/8.2.1/../../../../arm-none-eabi/lib/thumb/v6-m/nofp\libcr_c.a(setvbuf.o)
 .comment       0x00000075       0x76 c:/nxp/mcuxpressoide_11.0.0_2516/ide/plugins/com.nxp.mcuxpresso.tools.win32_11.0.0.201905131304/tools/bin/../lib/gcc/arm-none-eabi/8.2.1/../../../../arm-none-eabi/lib/thumb/v6-m/nofp\libcr_c.a(strlen.o)
 .comment       0x00000075       0x76 c:/nxp/mcuxpressoide_11.0.0_2516/ide/plugins/com.nxp.mcuxpresso.tools.win32_11.0.0.201905131304/tools/bin/../lib/gcc/arm-none-eabi/8.2.1/../../../../arm-none-eabi/lib/thumb/v6-m/nofp\libcr_c.a(__init_alloc.o)
 .comment       0x00000075       0x76 c:/nxp/mcuxpressoide_11.0.0_2516/ide/plugins/com.nxp.mcuxpresso.tools.win32_11.0.0.201905131304/tools/bin/../lib/gcc/arm-none-eabi/8.2.1/../../../../arm-none-eabi/lib/thumb/v6-m/nofp\libcr_c.a(_cr_sbrk.o)
 .comment       0x00000075       0x76 c:/nxp/mcuxpressoide_11.0.0_2516/ide/plugins/com.nxp.mcuxpresso.tools.win32_11.0.0.201905131304/tools/bin/../lib/gcc/arm-none-eabi/8.2.1/../../../../arm-none-eabi/lib/thumb/v6-m/nofp\libcr_c.a(_fdopen.o)
 .comment       0x00000075       0x76 c:/nxp/mcuxpressoide_11.0.0_2516/ide/plugins/com.nxp.mcuxpresso.tools.win32_11.0.0.201905131304/tools/bin/../lib/gcc/arm-none-eabi/8.2.1/../../../../arm-none-eabi/lib/thumb/v6-m/nofp\libcr_c.a(errno.o)
 .comment       0x00000075       0x76 c:/nxp/mcuxpressoide_11.0.0_2516/ide/plugins/com.nxp.mcuxpresso.tools.win32_11.0.0.201905131304/tools/bin/../lib/gcc/arm-none-eabi/8.2.1/../../../../arm-none-eabi/lib/thumb/v6-m/nofp\libcr_c.a(fclose.o)
 .comment       0x00000075       0x76 c:/nxp/mcuxpressoide_11.0.0_2516/ide/plugins/com.nxp.mcuxpresso.tools.win32_11.0.0.201905131304/tools/bin/../lib/gcc/arm-none-eabi/8.2.1/../../../../arm-none-eabi/lib/thumb/v6-m/nofp\libcr_c.a(fflush.o)
 .comment       0x00000075       0x76 c:/nxp/mcuxpressoide_11.0.0_2516/ide/plugins/com.nxp.mcuxpresso.tools.win32_11.0.0.201905131304/tools/bin/../lib/gcc/arm-none-eabi/8.2.1/../../../../arm-none-eabi/lib/thumb/v6-m/nofp\libcr_c.a(remove.o)
 .comment       0x00000075       0x76 c:/nxp/mcuxpressoide_11.0.0_2516/ide/plugins/com.nxp.mcuxpresso.tools.win32_11.0.0.201905131304/tools/bin/../lib/gcc/arm-none-eabi/8.2.1/../../../../arm-none-eabi/lib/thumb/v6-m/nofp\libcr_c.a(_cr_check_heap.o)
 .comment       0x00000075       0x76 c:/nxp/mcuxpressoide_11.0.0_2516/ide/plugins/com.nxp.mcuxpresso.tools.win32_11.0.0.201905131304/tools/bin/../lib/gcc/arm-none-eabi/8.2.1/../../../../arm-none-eabi/lib/thumb/v6-m/nofp\libcr_c.a(_do_fflush.o)

.ARM.attributes
                0x00000000       0x2a
 .ARM.attributes
                0x00000000       0x2c ./utilities/fsl_debug_console.o
 .ARM.attributes
                0x0000002c       0x2c ./startup/startup_mkl25z4.o
 .ARM.attributes
                0x00000058       0x2c ./source/freertos_swtimer.o
 .ARM.attributes
                0x00000084       0x32 ./source/mtb.o
 .ARM.attributes
                0x000000b6       0x2c ./source/semihost_hardfault.o
 .ARM.attributes
                0x000000e2       0x2c ./freertos/fsl_tickless_lptmr.o
 .ARM.attributes
                0x0000010e       0x2c ./freertos/heap_4.o
 .ARM.attributes
                0x0000013a       0x2c ./freertos/list.o
 .ARM.attributes
                0x00000166       0x2c ./freertos/port.o
 .ARM.attributes
                0x00000192       0x2c ./freertos/queue.o
 .ARM.attributes
                0x000001be       0x2c ./freertos/tasks.o
 .ARM.attributes
                0x000001ea       0x2c ./freertos/timers.o
 .ARM.attributes
                0x00000216       0x2c ./drivers/fsl_clock.o
 .ARM.attributes
                0x00000242       0x2c ./drivers/fsl_dac.o
 .ARM.attributes
                0x0000026e       0x2c ./drivers/fsl_lpsci.o
 .ARM.attributes
                0x0000029a       0x2c ./drivers/fsl_uart.o
 .ARM.attributes
                0x000002c6       0x2c ./board/board.o
 .ARM.attributes
                0x000002f2       0x2c ./board/clock_config.o
 .ARM.attributes
                0x0000031e       0x2c ./board/pin_mux.o
 .ARM.attributes
                0x0000034a       0x2c ./CMSIS/system_MKL25Z4.o
 .ARM.attributes
                0x00000376       0x2c c:/nxp/mcuxpressoide_11.0.0_2516/ide/plugins/com.nxp.mcuxpresso.tools.win32_11.0.0.201905131304/tools/bin/../lib/gcc/arm-none-eabi/8.2.1/../../../../arm-none-eabi/lib/thumb/v6-m/nofp\libcr_semihost_nf.a(_cr__main.o)
 .ARM.attributes
                0x000003a2       0x2c c:/nxp/mcuxpressoide_11.0.0_2516/ide/plugins/com.nxp.mcuxpresso.tools.win32_11.0.0.201905131304/tools/bin/../lib/gcc/arm-none-eabi/8.2.1/../../../../arm-none-eabi/lib/thumb/v6-m/nofp\libcr_semihost_nf.a(_cr_assert.o)
 .ARM.attributes
                0x000003ce       0x31 c:/nxp/mcuxpressoide_11.0.0_2516/ide/plugins/com.nxp.mcuxpresso.tools.win32_11.0.0.201905131304/tools/bin/../lib/gcc/arm-none-eabi/8.2.1/../../../../arm-none-eabi/lib/thumb/v6-m/nofp\libcr_semihost_nf.a(__ciob.o)
 .ARM.attributes
                0x000003ff       0x1c c:/nxp/mcuxpressoide_11.0.0_2516/ide/plugins/com.nxp.mcuxpresso.tools.win32_11.0.0.201905131304/tools/bin/../lib/gcc/arm-none-eabi/8.2.1/../../../../arm-none-eabi/lib/thumb/v6-m/nofp\libcr_semihost_nf.a(__sys_appexit.o)
 .ARM.attributes
                0x0000041b       0x2c c:/nxp/mcuxpressoide_11.0.0_2516/ide/plugins/com.nxp.mcuxpresso.tools.win32_11.0.0.201905131304/tools/bin/../lib/gcc/arm-none-eabi/8.2.1/../../../../arm-none-eabi/lib/thumb/v6-m/nofp\libcr_c.a(memcpy.o)
 .ARM.attributes
                0x00000447       0x2c c:/nxp/mcuxpressoide_11.0.0_2516/ide/plugins/com.nxp.mcuxpresso.tools.win32_11.0.0.201905131304/tools/bin/../lib/gcc/arm-none-eabi/8.2.1/../../../../arm-none-eabi/lib/thumb/v6-m/nofp\libcr_c.a(memset.o)
 .ARM.attributes
                0x00000473       0x2c c:/nxp/mcuxpressoide_11.0.0_2516/ide/plugins/com.nxp.mcuxpresso.tools.win32_11.0.0.201905131304/tools/bin/../lib/gcc/arm-none-eabi/8.2.1/../../../../arm-none-eabi/lib/thumb/v6-m/nofp\libcr_c.a(_deferredlazyseek.o)
 .ARM.attributes
                0x0000049f       0x2c c:/nxp/mcuxpressoide_11.0.0_2516/ide/plugins/com.nxp.mcuxpresso.tools.win32_11.0.0.201905131304/tools/bin/../lib/gcc/arm-none-eabi/8.2.1/../../../../arm-none-eabi/lib/thumb/v6-m/nofp\libcr_c.a(_fflush.o)
 .ARM.attributes
                0x000004cb       0x2c c:/nxp/mcuxpressoide_11.0.0_2516/ide/plugins/com.nxp.mcuxpresso.tools.win32_11.0.0.201905131304/tools/bin/../lib/gcc/arm-none-eabi/8.2.1/../../../../arm-none-eabi/lib/thumb/v6-m/nofp\libcr_c.a(_writebuf.o)
 .ARM.attributes
                0x000004f7       0x2c c:/nxp/mcuxpressoide_11.0.0_2516/ide/plugins/com.nxp.mcuxpresso.tools.win32_11.0.0.201905131304/tools/bin/../lib/gcc/arm-none-eabi/8.2.1/../../../../arm-none-eabi/lib/thumb/v6-m/nofp\libcr_c.a(alloc.o)
 .ARM.attributes
                0x00000523       0x2c c:/nxp/mcuxpressoide_11.0.0_2516/ide/plugins/com.nxp.mcuxpresso.tools.win32_11.0.0.201905131304/tools/bin/../lib/gcc/arm-none-eabi/8.2.1/../../../../arm-none-eabi/lib/thumb/v6-m/nofp\libcr_c.a(fputs.o)
 .ARM.attributes
                0x0000054f       0x2c c:/nxp/mcuxpressoide_11.0.0_2516/ide/plugins/com.nxp.mcuxpresso.tools.win32_11.0.0.201905131304/tools/bin/../lib/gcc/arm-none-eabi/8.2.1/../../../../arm-none-eabi/lib/thumb/v6-m/nofp\libcr_c.a(fseek.o)
 .ARM.attributes
                0x0000057b       0x2c c:/nxp/mcuxpressoide_11.0.0_2516/ide/plugins/com.nxp.mcuxpresso.tools.win32_11.0.0.201905131304/tools/bin/../lib/gcc/arm-none-eabi/8.2.1/../../../../arm-none-eabi/lib/thumb/v6-m/nofp\libcr_c.a(ftell.o)
 .ARM.attributes
                0x000005a7       0x2c c:/nxp/mcuxpressoide_11.0.0_2516/ide/plugins/com.nxp.mcuxpresso.tools.win32_11.0.0.201905131304/tools/bin/../lib/gcc/arm-none-eabi/8.2.1/../../../../arm-none-eabi/lib/thumb/v6-m/nofp\libcr_c.a(initio.o)
 .ARM.attributes
                0x000005d3       0x2c c:/nxp/mcuxpressoide_11.0.0_2516/ide/plugins/com.nxp.mcuxpresso.tools.win32_11.0.0.201905131304/tools/bin/../lib/gcc/arm-none-eabi/8.2.1/../../../../arm-none-eabi/lib/thumb/v6-m/nofp\libcr_c.a(printf.o)
 .ARM.attributes
                0x000005ff       0x2c c:/nxp/mcuxpressoide_11.0.0_2516/ide/plugins/com.nxp.mcuxpresso.tools.win32_11.0.0.201905131304/tools/bin/../lib/gcc/arm-none-eabi/8.2.1/../../../../arm-none-eabi/lib/thumb/v6-m/nofp\libcr_c.a(setvbuf.o)
 .ARM.attributes
                0x0000062b       0x2c c:/nxp/mcuxpressoide_11.0.0_2516/ide/plugins/com.nxp.mcuxpresso.tools.win32_11.0.0.201905131304/tools/bin/../lib/gcc/arm-none-eabi/8.2.1/../../../../arm-none-eabi/lib/thumb/v6-m/nofp\libcr_c.a(strlen.o)
 .ARM.attributes
                0x00000657       0x2c c:/nxp/mcuxpressoide_11.0.0_2516/ide/plugins/com.nxp.mcuxpresso.tools.win32_11.0.0.201905131304/tools/bin/../lib/gcc/arm-none-eabi/8.2.1/../../../../arm-none-eabi/lib/thumb/v6-m/nofp\libcr_c.a(__init_alloc.o)
 .ARM.attributes
                0x00000683       0x2c c:/nxp/mcuxpressoide_11.0.0_2516/ide/plugins/com.nxp.mcuxpresso.tools.win32_11.0.0.201905131304/tools/bin/../lib/gcc/arm-none-eabi/8.2.1/../../../../arm-none-eabi/lib/thumb/v6-m/nofp\libcr_c.a(_cr_sbrk.o)
 .ARM.attributes
                0x000006af       0x2c c:/nxp/mcuxpressoide_11.0.0_2516/ide/plugins/com.nxp.mcuxpresso.tools.win32_11.0.0.201905131304/tools/bin/../lib/gcc/arm-none-eabi/8.2.1/../../../../arm-none-eabi/lib/thumb/v6-m/nofp\libcr_c.a(_fdopen.o)
 .ARM.attributes
                0x000006db       0x31 c:/nxp/mcuxpressoide_11.0.0_2516/ide/plugins/com.nxp.mcuxpresso.tools.win32_11.0.0.201905131304/tools/bin/../lib/gcc/arm-none-eabi/8.2.1/../../../../arm-none-eabi/lib/thumb/v6-m/nofp\libcr_c.a(errno.o)
 .ARM.attributes
                0x0000070c       0x2c c:/nxp/mcuxpressoide_11.0.0_2516/ide/plugins/com.nxp.mcuxpresso.tools.win32_11.0.0.201905131304/tools/bin/../lib/gcc/arm-none-eabi/8.2.1/../../../../arm-none-eabi/lib/thumb/v6-m/nofp\libcr_c.a(fclose.o)
 .ARM.attributes
                0x00000738       0x2c c:/nxp/mcuxpressoide_11.0.0_2516/ide/plugins/com.nxp.mcuxpresso.tools.win32_11.0.0.201905131304/tools/bin/../lib/gcc/arm-none-eabi/8.2.1/../../../../arm-none-eabi/lib/thumb/v6-m/nofp\libcr_c.a(fflush.o)
 .ARM.attributes
                0x00000764       0x2c c:/nxp/mcuxpressoide_11.0.0_2516/ide/plugins/com.nxp.mcuxpresso.tools.win32_11.0.0.201905131304/tools/bin/../lib/gcc/arm-none-eabi/8.2.1/../../../../arm-none-eabi/lib/thumb/v6-m/nofp\libcr_c.a(remove.o)
 .ARM.attributes
                0x00000790       0x2c c:/nxp/mcuxpressoide_11.0.0_2516/ide/plugins/com.nxp.mcuxpresso.tools.win32_11.0.0.201905131304/tools/bin/../lib/gcc/arm-none-eabi/8.2.1/../../../../arm-none-eabi/lib/thumb/v6-m/nofp\libcr_c.a(_cr_check_heap.o)
 .ARM.attributes
                0x000007bc       0x2c c:/nxp/mcuxpressoide_11.0.0_2516/ide/plugins/com.nxp.mcuxpresso.tools.win32_11.0.0.201905131304/tools/bin/../lib/gcc/arm-none-eabi/8.2.1/../../../../arm-none-eabi/lib/thumb/v6-m/nofp\libcr_c.a(_do_fflush.o)
 .ARM.attributes
                0x000007e8       0x1c c:/nxp/mcuxpressoide_11.0.0_2516/ide/plugins/com.nxp.mcuxpresso.tools.win32_11.0.0.201905131304/tools/bin/../lib/gcc/arm-none-eabi/8.2.1/thumb/v6-m/nofp\libcr_eabihelpers.a(division_32.o)
 .ARM.attributes
                0x00000804       0x1c c:/nxp/mcuxpressoide_11.0.0_2516/ide/plugins/com.nxp.mcuxpresso.tools.win32_11.0.0.201905131304/tools/bin/../lib/gcc/arm-none-eabi/8.2.1/thumb/v6-m/nofp\libcr_eabihelpers.a(division_idiv0.o)
 .ARM.attributes
                0x00000820       0x1c c:/nxp/mcuxpressoide_11.0.0_2516/ide/plugins/com.nxp.mcuxpresso.tools.win32_11.0.0.201905131304/tools/bin/../lib/gcc/arm-none-eabi/8.2.1/thumb/v6-m/nofp\libcr_eabihelpers.a(llong.o)
 .ARM.attributes
                0x0000083c       0x1c c:/nxp/mcuxpressoide_11.0.0_2516/ide/plugins/com.nxp.mcuxpresso.tools.win32_11.0.0.201905131304/tools/bin/../lib/gcc/arm-none-eabi/8.2.1/thumb/v6-m/nofp\libcr_eabihelpers.a(memcpy.o)
 .ARM.attributes
                0x00000858       0x1c c:/nxp/mcuxpressoide_11.0.0_2516/ide/plugins/com.nxp.mcuxpresso.tools.win32_11.0.0.201905131304/tools/bin/../lib/gcc/arm-none-eabi/8.2.1/../../../../arm-none-eabi/lib/thumb/v6-m/nofp\libcr_semihost_nf.a(__sys_close.o)
 .ARM.attributes
                0x00000874       0x1c c:/nxp/mcuxpressoide_11.0.0_2516/ide/plugins/com.nxp.mcuxpresso.tools.win32_11.0.0.201905131304/tools/bin/../lib/gcc/arm-none-eabi/8.2.1/../../../../arm-none-eabi/lib/thumb/v6-m/nofp\libcr_semihost_nf.a(__sys_flen.o)
 .ARM.attributes
                0x00000890       0x1c c:/nxp/mcuxpressoide_11.0.0_2516/ide/plugins/com.nxp.mcuxpresso.tools.win32_11.0.0.201905131304/tools/bin/../lib/gcc/arm-none-eabi/8.2.1/../../../../arm-none-eabi/lib/thumb/v6-m/nofp\libcr_semihost_nf.a(__sys_istty.o)
 .ARM.attributes
                0x000008ac       0x1c c:/nxp/mcuxpressoide_11.0.0_2516/ide/plugins/com.nxp.mcuxpresso.tools.win32_11.0.0.201905131304/tools/bin/../lib/gcc/arm-none-eabi/8.2.1/../../../../arm-none-eabi/lib/thumb/v6-m/nofp\libcr_semihost_nf.a(__sys_remove.o)
 .ARM.attributes
                0x000008c8       0x1c c:/nxp/mcuxpressoide_11.0.0_2516/ide/plugins/com.nxp.mcuxpresso.tools.win32_11.0.0.201905131304/tools/bin/../lib/gcc/arm-none-eabi/8.2.1/../../../../arm-none-eabi/lib/thumb/v6-m/nofp\libcr_semihost_nf.a(__sys_seek.o)
 .ARM.attributes
                0x000008e4       0x1c c:/nxp/mcuxpressoide_11.0.0_2516/ide/plugins/com.nxp.mcuxpresso.tools.win32_11.0.0.201905131304/tools/bin/../lib/gcc/arm-none-eabi/8.2.1/../../../../arm-none-eabi/lib/thumb/v6-m/nofp\libcr_semihost_nf.a(__sys_tmpnam.o)
 .ARM.attributes
                0x00000900       0x1c c:/nxp/mcuxpressoide_11.0.0_2516/ide/plugins/com.nxp.mcuxpresso.tools.win32_11.0.0.201905131304/tools/bin/../lib/gcc/arm-none-eabi/8.2.1/../../../../arm-none-eabi/lib/thumb/v6-m/nofp\libcr_semihost_nf.a(__sys_write.o)

.debug_frame    0x00000000     0x29b0
 .debug_frame   0x00000000       0xcc ./utilities/fsl_debug_console.o
 .debug_frame   0x000000cc      0x3b0 ./startup/startup_mkl25z4.o
 .debug_frame   0x0000047c       0xb0 ./source/freertos_swtimer.o
 .debug_frame   0x0000052c       0x20 ./source/semihost_hardfault.o
 .debug_frame   0x0000054c       0x2c ./freertos/fsl_tickless_lptmr.o
 .debug_frame   0x00000578       0xe4 ./freertos/heap_4.o
 .debug_frame   0x0000065c       0xb0 ./freertos/list.o
 .debug_frame   0x0000070c      0x154 ./freertos/port.o
 .debug_frame   0x00000860      0x410 ./freertos/queue.o
 .debug_frame   0x00000c70      0x73c ./freertos/tasks.o
 .debug_frame   0x000013ac      0x2c8 ./freertos/timers.o
 .debug_frame   0x00001674      0x6e0 ./drivers/fsl_clock.o
 .debug_frame   0x00001d54      0x1f0 ./drivers/fsl_dac.o
 .debug_frame   0x00001f44      0x418 ./drivers/fsl_lpsci.o
 .debug_frame   0x0000235c      0x468 ./drivers/fsl_uart.o
 .debug_frame   0x000027c4       0x50 ./board/board.o
 .debug_frame   0x00002814       0xe4 ./board/clock_config.o
 .debug_frame   0x000028f8       0x6c ./board/pin_mux.o
 .debug_frame   0x00002964       0x4c ./CMSIS/system_MKL25Z4.o

Cross Reference Table

Symbol                                            File
ADC0_DriverIRQHandler                             ./startup/startup_mkl25z4.o
ADC0_IRQHandler                                   ./startup/startup_mkl25z4.o
BOARD_BootClockRUN                                ./board/clock_config.o
                                                  ./source/freertos_swtimer.o
BOARD_BootClockVLPR                               ./board/clock_config.o
BOARD_InitDebugConsole                            ./board/board.o
                                                  ./source/freertos_swtimer.o
BOARD_InitPins                                    ./board/pin_mux.o
                                                  ./source/freertos_swtimer.o
CLOCK_BootToBlpeMode                              ./drivers/fsl_clock.o
CLOCK_BootToBlpiMode                              ./drivers/fsl_clock.o
                                                  ./board/clock_config.o
CLOCK_BootToFeeMode                               ./drivers/fsl_clock.o
CLOCK_BootToFeiMode                               ./drivers/fsl_clock.o
CLOCK_BootToPeeMode                               ./drivers/fsl_clock.o
                                                  ./board/clock_config.o
CLOCK_CalcPllDiv                                  ./drivers/fsl_clock.o
CLOCK_ClearStatusFlags                            ./drivers/fsl_clock.o
CLOCK_DeinitOsc0                                  ./drivers/fsl_clock.o
CLOCK_EnablePll0                                  ./drivers/fsl_clock.o
CLOCK_EnableUsbfs0Clock                           ./drivers/fsl_clock.o
CLOCK_ExternalModeToFbeModeQuick                  ./drivers/fsl_clock.o
CLOCK_FllStableDelay                              ./drivers/fsl_clock.o
CLOCK_GetBusClkFreq                               ./drivers/fsl_clock.o
CLOCK_GetCoreSysClkFreq                           ./drivers/fsl_clock.o
CLOCK_GetEr32kClkFreq                             ./drivers/fsl_clock.o
CLOCK_GetFixedFreqClkFreq                         ./drivers/fsl_clock.o
CLOCK_GetFlashClkFreq                             ./drivers/fsl_clock.o
CLOCK_GetFllFreq                                  ./drivers/fsl_clock.o
CLOCK_GetFreq                                     ./drivers/fsl_clock.o
CLOCK_GetInternalRefClkFreq                       ./drivers/fsl_clock.o
CLOCK_GetMode                                     ./drivers/fsl_clock.o
CLOCK_GetOsc0ErClkFreq                            ./drivers/fsl_clock.o
CLOCK_GetOutClkFreq                               ./drivers/fsl_clock.o
CLOCK_GetPlatClkFreq                              ./drivers/fsl_clock.o
CLOCK_GetPll0Freq                                 ./drivers/fsl_clock.o
CLOCK_GetPllFllSelClkFreq                         ./drivers/fsl_clock.o
                                                  ./board/board.o
CLOCK_GetStatusFlags                              ./drivers/fsl_clock.o
CLOCK_InitOsc0                                    ./drivers/fsl_clock.o
                                                  ./board/clock_config.o
CLOCK_InternalModeToFbiModeQuick                  ./drivers/fsl_clock.o
CLOCK_SetBlpeMode                                 ./drivers/fsl_clock.o
CLOCK_SetBlpiMode                                 ./drivers/fsl_clock.o
CLOCK_SetExternalRefClkConfig                     ./drivers/fsl_clock.o
CLOCK_SetFbeMode                                  ./drivers/fsl_clock.o
CLOCK_SetFbiMode                                  ./drivers/fsl_clock.o
CLOCK_SetFeeMode                                  ./drivers/fsl_clock.o
CLOCK_SetFeiMode                                  ./drivers/fsl_clock.o
CLOCK_SetInternalRefClkConfig                     ./drivers/fsl_clock.o
                                                  ./board/clock_config.o
CLOCK_SetMcgConfig                                ./drivers/fsl_clock.o
CLOCK_SetOsc0MonitorMode                          ./drivers/fsl_clock.o
CLOCK_SetPbeMode                                  ./drivers/fsl_clock.o
CLOCK_SetPeeMode                                  ./drivers/fsl_clock.o
CLOCK_SetPll0MonitorMode                          ./drivers/fsl_clock.o
CLOCK_SetSimConfig                                ./drivers/fsl_clock.o
                                                  ./board/clock_config.o
CLOCK_TrimInternalRefClk                          ./drivers/fsl_clock.o
CMP0_DriverIRQHandler                             ./startup/startup_mkl25z4.o
CMP0_IRQHandler                                   ./startup/startup_mkl25z4.o
DAC0_DriverIRQHandler                             ./startup/startup_mkl25z4.o
DAC0_IRQHandler                                   ./startup/startup_mkl25z4.o
DAC_ClearBufferStatusFlags                        ./drivers/fsl_dac.o
DAC_Deinit                                        ./drivers/fsl_dac.o
DAC_DisableBufferInterrupts                       ./drivers/fsl_dac.o
DAC_EnableBufferInterrupts                        ./drivers/fsl_dac.o
DAC_GetBufferStatusFlags                          ./drivers/fsl_dac.o
DAC_GetDefaultBufferConfig                        ./drivers/fsl_dac.o
DAC_GetDefaultConfig                              ./drivers/fsl_dac.o
                                                  ./source/freertos_swtimer.o
DAC_Init                                          ./drivers/fsl_dac.o
                                                  ./source/freertos_swtimer.o
DAC_SetBufferConfig                               ./drivers/fsl_dac.o
DAC_SetBufferReadPointer                          ./drivers/fsl_dac.o
                                                  ./source/freertos_swtimer.o
DAC_SetBufferValue                                ./drivers/fsl_dac.o
                                                  ./source/freertos_swtimer.o
DMA0_DriverIRQHandler                             ./startup/startup_mkl25z4.o
DMA0_IRQHandler                                   ./startup/startup_mkl25z4.o
DMA1_DriverIRQHandler                             ./startup/startup_mkl25z4.o
DMA1_IRQHandler                                   ./startup/startup_mkl25z4.o
DMA2_DriverIRQHandler                             ./startup/startup_mkl25z4.o
DMA2_IRQHandler                                   ./startup/startup_mkl25z4.o
DMA3_DriverIRQHandler                             ./startup/startup_mkl25z4.o
DMA3_IRQHandler                                   ./startup/startup_mkl25z4.o
DbgConsole_Deinit                                 ./utilities/fsl_debug_console.o
DbgConsole_Init                                   ./utilities/fsl_debug_console.o
                                                  ./board/board.o
FLASH_Erase                                       ./drivers/fsl_flash.o
FLASH_EraseAll                                    ./drivers/fsl_flash.o
FLASH_EraseAllExecuteOnlySegments                 ./drivers/fsl_flash.o
FLASH_GetProperty                                 ./drivers/fsl_flash.o
FLASH_GetSecurityState                            ./drivers/fsl_flash.o
FLASH_Init                                        ./drivers/fsl_flash.o
FLASH_IsExecuteOnly                               ./drivers/fsl_flash.o
FLASH_IsProtected                                 ./drivers/fsl_flash.o
FLASH_PflashGetPrefetchSpeculation                ./drivers/fsl_flash.o
FLASH_PflashGetProtection                         ./drivers/fsl_flash.o
FLASH_PflashSetPrefetchSpeculation                ./drivers/fsl_flash.o
                                                  ./drivers/fsl_smc.o
FLASH_PflashSetProtection                         ./drivers/fsl_flash.o
FLASH_PrepareExecuteInRamFunctions                ./drivers/fsl_flash.o
FLASH_Program                                     ./drivers/fsl_flash.o
FLASH_ProgramOnce                                 ./drivers/fsl_flash.o
FLASH_ReadOnce                                    ./drivers/fsl_flash.o
FLASH_ReadResource                                ./drivers/fsl_flash.o
FLASH_SecurityBypass                              ./drivers/fsl_flash.o
FLASH_SetCallback                                 ./drivers/fsl_flash.o
FLASH_SetProperty                                 ./drivers/fsl_flash.o
FLASH_VerifyErase                                 ./drivers/fsl_flash.o
FLASH_VerifyEraseAll                              ./drivers/fsl_flash.o
FLASH_VerifyEraseAllExecuteOnlySegments           ./drivers/fsl_flash.o
FLASH_VerifyProgram                               ./drivers/fsl_flash.o
FTFA_DriverIRQHandler                             ./startup/startup_mkl25z4.o
FTFA_IRQHandler                                   ./startup/startup_mkl25z4.o
Flash_Config                                      ./startup/startup_mkl25z4.o
FreeRTOSDebugConfig                               ./freertos/tasks.o
GPIO_ClearPinsInterruptFlags                      ./drivers/fsl_gpio.o
GPIO_GetPinsInterruptFlags                        ./drivers/fsl_gpio.o
GPIO_PinInit                                      ./drivers/fsl_gpio.o
HardFault_Handler                                 ./source/semihost_hardfault.o
                                                  ./startup/startup_mkl25z4.o
I2C0_DriverIRQHandler                             ./startup/startup_mkl25z4.o
I2C0_IRQHandler                                   ./startup/startup_mkl25z4.o
I2C1_DriverIRQHandler                             ./startup/startup_mkl25z4.o
I2C1_IRQHandler                                   ./startup/startup_mkl25z4.o
InstallIRQHandler                                 ./drivers/fsl_common.o
IntDefaultHandler                                 ./startup/startup_mkl25z4.o
LLWU_DriverIRQHandler                             ./startup/startup_mkl25z4.o
LLWU_IRQHandler                                   ./startup/startup_mkl25z4.o
LPSCI_ClearStatusFlags                            ./drivers/fsl_lpsci.o
                                                  ./drivers/fsl_lpsci_freertos.o
LPSCI_Deinit                                      ./drivers/fsl_lpsci.o
                                                  ./drivers/fsl_lpsci_freertos.o
                                                  ./utilities/fsl_debug_console.o
LPSCI_DisableInterrupts                           ./drivers/fsl_lpsci.o
LPSCI_EnableInterrupts                            ./drivers/fsl_lpsci.o
LPSCI_GetDefaultConfig                            ./drivers/fsl_lpsci.o
                                                  ./drivers/fsl_lpsci_freertos.o
                                                  ./utilities/fsl_debug_console.o
LPSCI_GetEnabledInterrupts                        ./drivers/fsl_lpsci.o
LPSCI_GetInstance                                 ./drivers/fsl_lpsci.o
LPSCI_GetStatusFlags                              ./drivers/fsl_lpsci.o
LPSCI_Init                                        ./drivers/fsl_lpsci.o
                                                  ./drivers/fsl_lpsci_freertos.o
                                                  ./utilities/fsl_debug_console.o
LPSCI_RTOS_Deinit                                 ./drivers/fsl_lpsci_freertos.o
LPSCI_RTOS_Init                                   ./drivers/fsl_lpsci_freertos.o
LPSCI_RTOS_Receive                                ./drivers/fsl_lpsci_freertos.o
LPSCI_RTOS_Send                                   ./drivers/fsl_lpsci_freertos.o
LPSCI_ReadBlocking                                ./drivers/fsl_lpsci.o
                                                  ./utilities/fsl_debug_console.o
LPSCI_SetBaudRate                                 ./drivers/fsl_lpsci.o
LPSCI_TransferAbortReceive                        ./drivers/fsl_lpsci.o
                                                  ./drivers/fsl_lpsci_freertos.o
LPSCI_TransferAbortSend                           ./drivers/fsl_lpsci.o
LPSCI_TransferCreateHandle                        ./drivers/fsl_lpsci.o
                                                  ./drivers/fsl_lpsci_freertos.o
LPSCI_TransferGetReceiveCount                     ./drivers/fsl_lpsci.o
LPSCI_TransferGetSendCount                        ./drivers/fsl_lpsci.o
LPSCI_TransferHandleErrorIRQ                      ./drivers/fsl_lpsci.o
LPSCI_TransferHandleIRQ                           ./drivers/fsl_lpsci.o
LPSCI_TransferReceiveNonBlocking                  ./drivers/fsl_lpsci.o
                                                  ./drivers/fsl_lpsci_freertos.o
LPSCI_TransferSendNonBlocking                     ./drivers/fsl_lpsci.o
                                                  ./drivers/fsl_lpsci_freertos.o
LPSCI_TransferStartRingBuffer                     ./drivers/fsl_lpsci.o
                                                  ./drivers/fsl_lpsci_freertos.o
LPSCI_TransferStopRingBuffer                      ./drivers/fsl_lpsci.o
LPSCI_WriteBlocking                               ./drivers/fsl_lpsci.o
                                                  ./utilities/fsl_debug_console.o
LPTMR0_DriverIRQHandler                           ./startup/startup_mkl25z4.o
LPTMR0_IRQHandler                                 ./startup/startup_mkl25z4.o
LVD_LVW_DriverIRQHandler                          ./startup/startup_mkl25z4.o
LVD_LVW_IRQHandler                                ./startup/startup_mkl25z4.o
MCG_DriverIRQHandler                              ./startup/startup_mkl25z4.o
MCG_IRQHandler                                    ./startup/startup_mkl25z4.o
NMI_Handler                                       ./startup/startup_mkl25z4.o
PIT_DriverIRQHandler                              ./startup/startup_mkl25z4.o
PIT_IRQHandler                                    ./startup/startup_mkl25z4.o
PORTA_DriverIRQHandler                            ./startup/startup_mkl25z4.o
PORTA_IRQHandler                                  ./startup/startup_mkl25z4.o
PORTD_DriverIRQHandler                            ./startup/startup_mkl25z4.o
PORTD_IRQHandler                                  ./startup/startup_mkl25z4.o
PendSV_Handler                                    ./freertos/port.o
                                                  ./startup/startup_mkl25z4.o
RTC_DriverIRQHandler                              ./startup/startup_mkl25z4.o
RTC_IRQHandler                                    ./startup/startup_mkl25z4.o
RTC_Seconds_DriverIRQHandler                      ./startup/startup_mkl25z4.o
RTC_Seconds_IRQHandler                            ./startup/startup_mkl25z4.o
Reserved20_DriverIRQHandler                       ./startup/startup_mkl25z4.o
Reserved20_IRQHandler                             ./startup/startup_mkl25z4.o
Reserved39_DriverIRQHandler                       ./startup/startup_mkl25z4.o
Reserved39_IRQHandler                             ./startup/startup_mkl25z4.o
Reserved45_DriverIRQHandler                       ./startup/startup_mkl25z4.o
Reserved45_IRQHandler                             ./startup/startup_mkl25z4.o
ResetISR                                          ./startup/startup_mkl25z4.o
SMC_PostExitStopModes                             ./drivers/fsl_smc.o
SMC_PreEnterStopModes                             ./drivers/fsl_smc.o
SMC_SetPowerModeLls                               ./drivers/fsl_smc.o
SMC_SetPowerModeRun                               ./drivers/fsl_smc.o